Archive member included to satisfy reference by file (symbol)

../Middlewares/ST/AI/Lib/NetworkRuntime1000_CM4_GCC.a(ai_platform.o)
                              ./X-CUBE-AI/App/colab.o (ai_buffer_array_item_set_address)
../Middlewares/ST/AI/Lib/NetworkRuntime1000_CM4_GCC.a(ai_platform_interface.o)
                              ./X-CUBE-AI/App/colab.o (ai_platform_get_weights_map)
../Middlewares/ST/AI/Lib/NetworkRuntime1000_CM4_GCC.a(core_common.o)
                              ../Middlewares/ST/AI/Lib/NetworkRuntime1000_CM4_GCC.a(ai_platform_interface.o) (core_init)
../Middlewares/ST/AI/Lib/NetworkRuntime1000_CM4_GCC.a(core_mem_manager.o)
                              ../Middlewares/ST/AI/Lib/NetworkRuntime1000_CM4_GCC.a(ai_platform_interface.o) (core_mem_alloc)
../Middlewares/ST/AI/Lib/NetworkRuntime1000_CM4_GCC.a(layers.o)
                              ../Middlewares/ST/AI/Lib/NetworkRuntime1000_CM4_GCC.a(ai_platform_interface.o) (ai_check_custom_types)
../Middlewares/ST/AI/Lib/NetworkRuntime1000_CM4_GCC.a(layers_conv2d_generic_float.o)
                              ./X-CUBE-AI/App/mnist.o (forward_conv2d_if32of32wf32_nl_pool)
../Middlewares/ST/AI/Lib/NetworkRuntime1000_CM4_GCC.a(layers_nl_generic_float.o)
                              ./X-CUBE-AI/App/colab.o (forward_sigmoid)
../Middlewares/ST/AI/Lib/NetworkRuntime1000_CM4_GCC.a(layers_conv2d_integer_scratch.o)
                              ../Middlewares/ST/AI/Lib/NetworkRuntime1000_CM4_GCC.a(layers.o) (get_conv2d_scratch_size)
../Middlewares/ST/AI/Lib/NetworkRuntime1000_CM4_GCC.a(forward_lite_conv2d_if32of32wf32.o)
                              ../Middlewares/ST/AI/Lib/NetworkRuntime1000_CM4_GCC.a(layers_conv2d_generic_float.o) (forward_lite_conv2d_if32of32wf32)
../Middlewares/ST/AI/Lib/NetworkRuntime1000_CM4_GCC.a(lite_nl_softmax_if32of32.o)
                              ../Middlewares/ST/AI/Lib/NetworkRuntime1000_CM4_GCC.a(layers_nl_generic_float.o) (forward_lite_nl_softmax_if32of32_kernel)
../Middlewares/ST/AI/Lib/NetworkRuntime1000_CM4_GCC.a(lite_nl_relu_if32of32.o)
                              ../Middlewares/ST/AI/Lib/NetworkRuntime1000_CM4_GCC.a(layers_nl_generic_float.o) (forward_lite_nl_prelu_if32of32_kernel)
../Middlewares/ST/AI/Lib/NetworkRuntime1000_CM4_GCC.a(forward_lite_pool_f32.o)
                              ./X-CUBE-AI/App/mnist.o (pool_func_mp_array_f32)
../Middlewares/ST/AI/Lib/NetworkRuntime1000_CM4_GCC.a(lite_dense_if32.o)
                              ../Middlewares/ST/AI/Lib/NetworkRuntime1000_CM4_GCC.a(layers_conv2d_generic_float.o) (lite_decompress_ilutof32)
../Middlewares/ST/AI/Lib/NetworkRuntime1000_CM4_GCC.a(lite_nl_generic_float.o)
                              ./X-CUBE-AI/App/mnist.o (forward_lite_nl_relu_if32of32)
../Middlewares/ST/AI/Lib/NetworkRuntime1000_CM4_GCC.a(st_int8_fill.o)
                              ../Middlewares/ST/AI/Lib/NetworkRuntime1000_CM4_GCC.a(ai_platform_interface.o) (st_int8_copy)
../Middlewares/ST/AI/Lib/NetworkRuntime1000_CM4_GCC.a(ai_math_helpers.o)
                              ../Middlewares/ST/AI/Lib/NetworkRuntime1000_CM4_GCC.a(layers_nl_generic_float.o) (ai_math_sqrt)
../Middlewares/ST/AI/Lib/NetworkRuntime1000_CM4_GCC.a(ai_datatypes_format.o)
                              ../Middlewares/ST/AI/Lib/NetworkRuntime1000_CM4_GCC.a(ai_platform_interface.o) (ai_array_to_buffer_fmt)
../Middlewares/ST/AI/Lib/NetworkRuntime1000_CM4_GCC.a(ai_datatypes_internal.o)
                              ../Middlewares/ST/AI/Lib/NetworkRuntime1000_CM4_GCC.a(ai_platform_interface.o) (ai_version_get)
../Middlewares/ST/AI/Lib/NetworkRuntime1000_CM4_GCC.a(ai_math_elementwise_mul_int8.o)
                              ../Middlewares/ST/AI/Lib/NetworkRuntime1000_CM4_GCC.a(ai_math_helpers.o) (ai_math_elementwise_mul_int8)
../Middlewares/ST/AI/Lib/NetworkRuntime1000_CM4_GCC.a(ai_math_elementwise_sum_int8.o)
                              ../Middlewares/ST/AI/Lib/NetworkRuntime1000_CM4_GCC.a(ai_math_helpers.o) (ai_math_elementwise_sum_int8)
../Middlewares/ST/AI/Lib/NetworkRuntime1000_CM4_GCC.a(st_align_factor.o)
                              ../Middlewares/ST/AI/Lib/NetworkRuntime1000_CM4_GCC.a(ai_math_helpers.o) (align_factor)
/Applications/STM32CubeIDE.app/Contents/Eclipse/plugins/com.st.stm32cube.ide.mcu.externaltools.gnu-tools-for-stm32.12.3.rel1.macos64_1.1.0.202410301201/tools/bin/../lib/gcc/arm-none-eabi/12.3.1/../../../../arm-none-eabi/lib/thumb/v7e-m+fp/hard/libc_nano.a(libc_a-exit.o)
                              /Applications/STM32CubeIDE.app/Contents/Eclipse/plugins/com.st.stm32cube.ide.mcu.externaltools.gnu-tools-for-stm32.12.3.rel1.macos64_1.1.0.202410301201/tools/bin/../lib/gcc/arm-none-eabi/12.3.1/../../../../arm-none-eabi/lib/thumb/v7e-m+fp/hard/crt0.o (exit)
[...]
Memory Configuration

Name             Origin             Length             Attributes
RAM              0x20000000         0x00030000         xrw
RAM2             0x10000000         0x00010000         xrw
RAM3             0x20040000         0x00060000         xrw
FLASH            0x08000000         0x00200000         xr
*default*        0x00000000         0xffffffff

Linker script and memory map

LOAD /Applications/STM32CubeIDE.app/Contents/Eclipse/plugins/com.st.stm32cube.ide.mcu.externaltools.gnu-tools-for-stm32.12.3.rel1.macos64_1.1.0.202410301201/tools/bin/../lib/gcc/arm-none-eabi/12.3.1/thumb/v7e-m+fp/hard/crti.o
LOAD /Applications/STM32CubeIDE.app/Contents/Eclipse/plugins/com.st.stm32cube.ide.mcu.externaltools.gnu-tools-for-stm32.12.3.rel1.macos64_1.1.0.202410301201/tools/bin/../lib/gcc/arm-none-eabi/12.3.1/thumb/v7e-m+fp/hard/crtbegin.o
LOAD /Applications/STM32CubeIDE.app/Contents/Eclipse/plugins/com.st.stm32cube.ide.mcu.externaltools.gnu-tools-for-stm32.12.3.rel1.macos64_1.1.0.202410301201/tools/bin/../lib/gcc/arm-none-eabi/12.3.1/../../../../arm-none-eabi/lib/thumb/v7e-m+fp/hard/crt0.o
LOAD ./Core/Src/main.o
LOAD ./Core/Src/stm32l4xx_hal_msp.o
LOAD ./Core/Src/stm32l4xx_it.o
LOAD ./Core/Src/sysmem.o
LOAD ./Core/Src/system_stm32l4xx.o
LOAD ./Core/Startup/startup_stm32l4r9aiix.o
LOAD ./Drivers/STM32L4xx_HAL_Driver/Src/stm32l4xx_hal.o
LOAD ./Drivers/STM32L4xx_HAL_Driver/Src/stm32l4xx_hal_cortex.o
LOAD ./Drivers/STM32L4xx_HAL_Driver/Src/stm32l4xx_hal_dma.o
LOAD ./Drivers/STM32L4xx_HAL_Driver/Src/stm32l4xx_hal_dma_ex.o
LOAD ./Drivers/STM32L4xx_HAL_Driver/Src/stm32l4xx_hal_exti.o
LOAD ./Drivers/STM32L4xx_HAL_Driver/Src/stm32l4xx_hal_flash.o
LOAD ./Drivers/STM32L4xx_HAL_Driver/Src/stm32l4xx_hal_flash_ex.o
LOAD ./Drivers/STM32L4xx_HAL_Driver/Src/stm32l4xx_hal_flash_ramfunc.o
LOAD ./Drivers/STM32L4xx_HAL_Driver/Src/stm32l4xx_hal_gpio.o
LOAD ./Drivers/STM32L4xx_HAL_Driver/Src/stm32l4xx_hal_i2c.o
LOAD ./Drivers/STM32L4xx_HAL_Driver/Src/stm32l4xx_hal_i2c_ex.o
LOAD ./Drivers/STM32L4xx_HAL_Driver/Src/stm32l4xx_hal_pwr.o
LOAD ./Drivers/STM32L4xx_HAL_Driver/Src/stm32l4xx_hal_pwr_ex.o
LOAD ./Drivers/STM32L4xx_HAL_Driver/Src/stm32l4xx_hal_rcc.o
LOAD ./Drivers/STM32L4xx_HAL_Driver/Src/stm32l4xx_hal_rcc_ex.o
LOAD ./Drivers/STM32L4xx_HAL_Driver/Src/stm32l4xx_hal_uart.o
LOAD ./Drivers/STM32L4xx_HAL_Driver/Src/stm32l4xx_hal_uart_ex.o
LOAD ./X-CUBE-AI/App/app_x-cube-ai.o
LOAD ./X-CUBE-AI/App/colab.o
LOAD ./X-CUBE-AI/App/colab_data.o
LOAD ./X-CUBE-AI/App/colab_data_params.o
LOAD ./X-CUBE-AI/App/mnist.o
LOAD ./X-CUBE-AI/App/mnist_data.o
LOAD ./X-CUBE-AI/App/mnist_data_params.o
LOAD ../Middlewares/ST/AI/Lib/NetworkRuntime1000_CM4_GCC.a
START GROUP
LOAD /Applications/STM32CubeIDE.app/Contents/Eclipse/plugins/com.st.stm32cube.ide.mcu.externaltools.gnu-tools-for-stm32.12.3.rel1.macos64_1.1.0.202410301201/tools/bin/../lib/gcc/arm-none-eabi/12.3.1/../../../../arm-none-eabi/lib/thumb/v7e-m+fp/hard/libc_nano.a
LOAD /Applications/STM32CubeIDE.app/Contents/Eclipse/plugins/com.st.stm32cube.ide.mcu.externaltools.gnu-tools-for-stm32.12.3.rel1.macos64_1.1.0.202410301201/tools/bin/../lib/gcc/arm-none-eabi/12.3.1/../../../../arm-none-eabi/lib/thumb/v7e-m+fp/hard/libm.a
END GROUP
START GROUP
LOAD /Applications/STM32CubeIDE.app/Contents/Eclipse/plugins/com.st.stm32cube.ide.mcu.externaltools.gnu-tools-for-stm32.12.3.rel1.macos64_1.1.0.202410301201/tools/bin/../lib/gcc/arm-none-eabi/12.3.1/thumb/v7e-m+fp/hard/libgcc.a
LOAD /Applications/STM32CubeIDE.app/Contents/Eclipse/plugins/com.st.stm32cube.ide.mcu.externaltools.gnu-tools-for-stm32.12.3.rel1.macos64_1.1.0.202410301201/tools/bin/../lib/gcc/arm-none-eabi/12.3.1/../../../../arm-none-eabi/lib/thumb/v7e-m+fp/hard/libc_nano.a
END GROUP
START GROUP
LOAD /Applications/STM32CubeIDE.app/Contents/Eclipse/plugins/com.st.stm32cube.ide.mcu.externaltools.gnu-tools-for-stm32.12.3.rel1.macos64_1.1.0.202410301201/tools/bin/../lib/gcc/arm-none-eabi/12.3.1/thumb/v7e-m+fp/hard/libgcc.a
LOAD /Applications/STM32CubeIDE.app/Contents/Eclipse/plugins/com.st.stm32cube.ide.mcu.externaltools.gnu-tools-for-stm32.12.3.rel1.macos64_1.1.0.202410301201/tools/bin/../lib/gcc/arm-none-eabi/12.3.1/../../../../arm-none-eabi/lib/thumb/v7e-m+fp/hard/libc_nano.a
LOAD /Applications/STM32CubeIDE.app/Contents/Eclipse/plugins/com.st.stm32cube.ide.mcu.externaltools.gnu-tools-for-stm32.12.3.rel1.macos64_1.1.0.202410301201/tools/bin/../lib/gcc/arm-none-eabi/12.3.1/../../../../arm-none-eabi/lib/thumb/v7e-m+fp/hard/libnosys.a
END GROUP
START GROUP
LOAD /Applications/STM32CubeIDE.app/Contents/Eclipse/plugins/com.st.stm32cube.ide.mcu.externaltools.gnu-tools-for-stm32.12.3.rel1.macos64_1.1.0.202410301201/tools/bin/../lib/gcc/arm-none-eabi/12.3.1/thumb/v7e-m+fp/hard/libgcc.a
LOAD /Applications/STM32CubeIDE.app/Contents/Eclipse/plugins/com.st.stm32cube.ide.mcu.externaltools.gnu-tools-for-stm32.12.3.rel1.macos64_1.1.0.202410301201/tools/bin/../lib/gcc/arm-none-eabi/12.3.1/../../../../arm-none-eabi/lib/thumb/v7e-m+fp/hard/libc_nano.a
LOAD /Applications/STM32CubeIDE.app/Contents/Eclipse/plugins/com.st.stm32cube.ide.mcu.externaltools.gnu-tools-for-stm32.12.3.rel1.macos64_1.1.0.202410301201/tools/bin/../lib/gcc/arm-none-eabi/12.3.1/../../../../arm-none-eabi/lib/thumb/v7e-m+fp/hard/libnosys.a
END GROUP
LOAD /Applications/STM32CubeIDE.app/Contents/Eclipse/plugins/com.st.stm32cube.ide.mcu.externaltools.gnu-tools-for-stm32.12.3.rel1.macos64_1.1.0.202410301201/tools/bin/../lib/gcc/arm-none-eabi/12.3.1/thumb/v7e-m+fp/hard/crtend.o
LOAD /Applications/STM32CubeIDE.app/Contents/Eclipse/plugins/com.st.stm32cube.ide.mcu.externaltools.gnu-tools-for-stm32.12.3.rel1.macos64_1.1.0.202410301201/tools/bin/../lib/gcc/arm-none-eabi/12.3.1/thumb/v7e-m+fp/hard/crtn.o
                0x200a0000                        _estack = (ORIGIN (RAM3) + LENGTH (RAM3))
                0x00000800                        _Min_Heap_Size = 0x800
                0x00000800                        _Min_Stack_Size = 0x800

.isr_vector     0x08000000      0x1bc
                0x08000000                        . = ALIGN (0x4)
 *(.isr_vector)
 .isr_vector    0x08000000      0x1bc ./Core/Startup/startup_stm32l4r9aiix.o
                0x08000000                g_pfnVectors
                0x080001bc                        . = ALIGN (0x4)

.text           0x080001c0     0x6cb0
                0x080001c0                        . = ALIGN (0x4)
 *(.text)
 .text          0x080001c0       0x40 /Applications/STM32CubeIDE.app/Contents/Eclipse/plugins/com.st.stm32cube.ide.mcu.externaltools.gnu-tools-for-stm32.12.3.rel1.macos64_1.1.0.202410301201/tools/bin/../lib/gcc/arm-none-eabi/12.3.1/thumb/v7e-m+fp/hard/crtbegin.o
 .text          0x08000200       0xa0 /Applications/STM32CubeIDE.app/Contents/Eclipse/plugins/com.st.stm32cube.ide.mcu.externaltools.gnu-tools-for-stm32.12.3.rel1.macos64_1.1.0.202410301201/tools/bin/../lib/gcc/arm-none-eabi/12.3.1/../../../../arm-none-eabi/lib/thumb/v7e-m+fp/hard/libc_nano.a(libc_a-memchr.o)
                0x08000200                memchr
 .text          0x080002a0       0x30 /Applications/STM32CubeIDE.app/Contents/Eclipse/plugins/com.st.stm32cube.ide.mcu.externaltools.gnu-tools-for-stm32.12.3.rel1.macos64_1.1.0.202410301201/tools/bin/../lib/gcc/arm-none-eabi/12.3.1/thumb/v7e-m+fp/hard/libgcc.a(_aeabi_uldivmod.o)
                0x080002a0                __aeabi_uldivmod
 .text          0x080002d0      0x2bc /Applications/STM32CubeIDE.app/Contents/Eclipse/plugins/com.st.stm32cube.ide.mcu.externaltools.gnu-tools-for-stm32.12.3.rel1.macos64_1.1.0.202410301201/tools/bin/../lib/gcc/arm-none-eabi/12.3.1/thumb/v7e-m+fp/hard/libgcc.a(_udivmoddi4.o)
                0x080002d0                __udivmoddi4
 .text          0x0800058c        0x4 /Applications/STM32CubeIDE.app/Contents/Eclipse/plugins/com.st.stm32cube.ide.mcu.externaltools.gnu-tools-for-stm32.12.3.rel1.macos64_1.1.0.202410301201/tools/bin/../lib/gcc/arm-none-eabi/12.3.1/thumb/v7e-m+fp/hard/libgcc.a(_dvmd_tls.o)
                0x0800058c                __aeabi_ldiv0
                0x0800058c                __aeabi_idiv0
 *(.text*)
 .text.main     0x08000590       0x1e ./Core/Src/main.o
                0x08000590                main
 .text.SystemClock_Config
                0x080005ae       0xa2 ./Core/Src/main.o
                0x080005ae                SystemClock_Config
 .text.MX_USART2_UART_Init
                0x08000650       0x98 ./Core/Src/main.o
 .text.MX_GPIO_Init
                0x080006e8       0x30 ./Core/Src/main.o
 .text.Error_Handler
                0x08000718        0xc ./Core/Src/main.o
                0x08000718                Error_Handler
 .text.HAL_MspInit
                0x08000724       0x48 ./Core/Src/stm32l4xx_hal_msp.o
                0x08000724                HAL_MspInit
 .text.HAL_UART_MspInit
                0x0800076c       0xb8 ./Core/Src/stm32l4xx_hal_msp.o
                0x0800076c                HAL_UART_MspInit
 .text.NMI_Handler
                0x08000824        0x8 ./Core/Src/stm32l4xx_it.o
                0x08000824                NMI_Handler
 .text.HardFault_Handler
                0x0800082c        0x8 ./Core/Src/stm32l4xx_it.o
                0x0800082c                HardFault_Handler
 .text.MemManage_Handler
                0x08000834        0x8 ./Core/Src/stm32l4xx_it.o
                0x08000834                MemManage_Handler
 .text.BusFault_Handler
                0x0800083c        0x8 ./Core/Src/stm32l4xx_it.o
                0x0800083c                BusFault_Handler
 .text.UsageFault_Handler
                0x08000844        0x8 ./Core/Src/stm32l4xx_it.o
                0x08000844                UsageFault_Handler
 .text.SVC_Handler
                0x0800084c        0xe ./Core/Src/stm32l4xx_it.o
                0x0800084c                SVC_Handler
 .text.DebugMon_Handler
                0x0800085a        0xe ./Core/Src/stm32l4xx_it.o
                0x0800085a                DebugMon_Handler
 .text.PendSV_Handler
                0x08000868        0xe ./Core/Src/stm32l4xx_it.o
                0x08000868                PendSV_Handler
 .text.SysTick_Handler
                0x08000876        0xc ./Core/Src/stm32l4xx_it.o
                0x08000876                SysTick_Handler
 *fill*         0x08000882        0x2 
 .text._sbrk    0x08000884       0x6c ./Core/Src/sysmem.o
                0x08000884                _sbrk
 .text.SystemInit
                0x080008f0       0x24 ./Core/Src/system_stm32l4xx.o
                0x080008f0                SystemInit
 .text.Reset_Handler
                0x08000914       0x50 ./Core/Startup/startup_stm32l4r9aiix.o
                0x08000914                Reset_Handler
 .text.Default_Handler
                0x08000964        0x2 ./Core/Startup/startup_stm32l4r9aiix.o
                0x08000964                TIM1_BRK_TIM15_IRQHandler
                0x08000964                EXTI2_IRQHandler
                0x08000964                TIM8_TRG_COM_IRQHandler
                0x08000964                TIM8_CC_IRQHandler
                0x08000964                TIM1_CC_IRQHandler
                0x08000964                TSC_IRQHandler
                0x08000964                TAMP_STAMP_IRQHandler
                0x08000964                EXTI3_IRQHandler
                0x08000964                LPTIM2_IRQHandler
                0x08000964                DFSDM1_FLT1_IRQHandler
                0x08000964                GFXMMU_IRQHandler
                0x08000964                I2C3_ER_IRQHandler
                0x08000964                DFSDM1_FLT2_IRQHandler
                0x08000964                EXTI0_IRQHandler
                0x08000964                I2C2_EV_IRQHandler
                0x08000964                CAN1_RX0_IRQHandler
                0x08000964                FPU_IRQHandler
                0x08000964                TIM1_UP_TIM16_IRQHandler
                0x08000964                LTDC_ER_IRQHandler
                0x08000964                SPI1_IRQHandler
                0x08000964                OCTOSPI1_IRQHandler
                0x08000964                TIM6_DAC_IRQHandler
                0x08000964                DCMI_IRQHandler
                0x08000964                TIM8_UP_IRQHandler
                0x08000964                OCTOSPI2_IRQHandler
                0x08000964                DMA2_Channel2_IRQHandler
                0x08000964                DMA1_Channel4_IRQHandler
                0x08000964                SAI2_IRQHandler
                0x08000964                ADC1_IRQHandler
                0x08000964                DFSDM1_FLT3_IRQHandler
                0x08000964                USART3_IRQHandler
                0x08000964                DMA1_Channel7_IRQHandler
                0x08000964                CAN1_RX1_IRQHandler
                0x08000964                UART5_IRQHandler
                0x08000964                TIM4_IRQHandler
                0x08000964                DMA2_Channel1_IRQHandler
                0x08000964                I2C1_EV_IRQHandler
                0x08000964                DMAMUX1_OVR_IRQHandler
                0x08000964                DMA1_Channel6_IRQHandler
                0x08000964                UART4_IRQHandler
                0x08000964                DMA2_Channel4_IRQHandler
                0x08000964                TIM3_IRQHandler
                0x08000964                RCC_IRQHandler
                0x08000964                DMA1_Channel1_IRQHandler
                0x08000964                Default_Handler
                0x08000964                DMA2_Channel7_IRQHandler
                0x08000964                EXTI15_10_IRQHandler
                0x08000964                TIM7_IRQHandler
                0x08000964                SDMMC1_IRQHandler
                0x08000964                TIM5_IRQHandler
                0x08000964                I2C3_EV_IRQHandler
                0x08000964                EXTI9_5_IRQHandler
                0x08000964                RTC_WKUP_IRQHandler
                0x08000964                LTDC_IRQHandler
                0x08000964                PVD_PVM_IRQHandler
                0x08000964                SPI2_IRQHandler
                0x08000964                CAN1_TX_IRQHandler
                0x08000964                DMA2_Channel5_IRQHandler
                0x08000964                CRS_IRQHandler
                0x08000964                DMA1_Channel5_IRQHandler
                0x08000964                EXTI4_IRQHandler
                0x08000964                RNG_IRQHandler
                0x08000964                TIM1_TRG_COM_TIM17_IRQHandler
                0x08000964                DMA1_Channel3_IRQHandler
                0x08000964                COMP_IRQHandler
                0x08000964                DSI_IRQHandler
                0x08000964                WWDG_IRQHandler
                0x08000964                I2C4_EV_IRQHandler
                0x08000964                LPUART1_IRQHandler
                0x08000964                DMA2_Channel6_IRQHandler
                0x08000964                TIM2_IRQHandler
                0x08000964                DMA2D_IRQHandler
                0x08000964                EXTI1_IRQHandler
                0x08000964                USART2_IRQHandler
                0x08000964                DFSDM1_FLT0_IRQHandler
                0x08000964                I2C2_ER_IRQHandler
                0x08000964                DMA1_Channel2_IRQHandler
                0x08000964                TIM8_BRK_IRQHandler
                0x08000964                CAN1_SCE_IRQHandler
                0x08000964                FLASH_IRQHandler
                0x08000964                USART1_IRQHandler
                0x08000964                OTG_FS_IRQHandler
                0x08000964                SPI3_IRQHandler
                0x08000964                I2C1_ER_IRQHandler
                0x08000964                FMC_IRQHandler
                0x08000964                LPTIM1_IRQHandler
                0x08000964                I2C4_ER_IRQHandler
                0x08000964                SAI1_IRQHandler
                0x08000964                DMA2_Channel3_IRQHandler
                0x08000964                RTC_Alarm_IRQHandler
 .text.HAL_Init
                0x08000966       0x30 ./Drivers/STM32L4xx_HAL_Driver/Src/stm32l4xx_hal.o
                0x08000966                HAL_Init
 *fill*         0x08000996        0x2 
 .text.HAL_InitTick
                0x08000998       0x78 ./Drivers/STM32L4xx_HAL_Driver/Src/stm32l4xx_hal.o
                0x08000998                HAL_InitTick
 .text.HAL_IncTick
                0x08000a10       0x28 ./Drivers/STM32L4xx_HAL_Driver/Src/stm32l4xx_hal.o
                0x08000a10                HAL_IncTick
 .text.HAL_GetTick
                0x08000a38       0x18 ./Drivers/STM32L4xx_HAL_Driver/Src/stm32l4xx_hal.o
                0x08000a38                HAL_GetTick
 .text.__NVIC_SetPriorityGrouping
                0x08000a50       0x48 ./Drivers/STM32L4xx_HAL_Driver/Src/stm32l4xx_hal_cortex.o
 .text.__NVIC_GetPriorityGrouping
                0x08000a98       0x1c ./Drivers/STM32L4xx_HAL_Driver/Src/stm32l4xx_hal_cortex.o
 .text.__NVIC_SetPriority
                0x08000ab4       0x54 ./Drivers/STM32L4xx_HAL_Driver/Src/stm32l4xx_hal_cortex.o
 .text.NVIC_EncodePriority
                0x08000b08       0x66 ./Drivers/STM32L4xx_HAL_Driver/Src/stm32l4xx_hal_cortex.o
 *fill*         0x08000b6e        0x2 
 .text.SysTick_Config
                0x08000b70       0x44 ./Drivers/STM32L4xx_HAL_Driver/Src/stm32l4xx_hal_cortex.o
 .text.HAL_NVIC_SetPriorityGrouping
                0x08000bb4       0x16 ./Drivers/STM32L4xx_HAL_Driver/Src/stm32l4xx_hal_cortex.o
                0x08000bb4                HAL_NVIC_SetPriorityGrouping
 .text.HAL_NVIC_SetPriority
                0x08000bca       0x38 ./Drivers/STM32L4xx_HAL_Driver/Src/stm32l4xx_hal_cortex.o
                0x08000bca                HAL_NVIC_SetPriority
 .text.HAL_SYSTICK_Config
                0x08000c02       0x18 ./Drivers/STM32L4xx_HAL_Driver/Src/stm32l4xx_hal_cortex.o
                0x08000c02                HAL_SYSTICK_Config
 *fill*         0x08000c1a        0x2 
 .text.HAL_GPIO_Init
                0x08000c1c      0x324 ./Drivers/STM32L4xx_HAL_Driver/Src/stm32l4xx_hal_gpio.o
                0x08000c1c                HAL_GPIO_Init
 .text.HAL_PWREx_GetVoltageRange
                0x08000f40       0x40 ./Drivers/STM32L4xx_HAL_Driver/Src/stm32l4xx_hal_pwr_ex.o
                0x08000f40                HAL_PWREx_GetVoltageRange
 .text.HAL_PWREx_ControlVoltageScaling
                0x08000f80      0x148 ./Drivers/STM32L4xx_HAL_Driver/Src/stm32l4xx_hal_pwr_ex.o
                0x08000f80                HAL_PWREx_ControlVoltageScaling
 .text.HAL_RCC_OscConfig
                0x080010c8      0x834 ./Drivers/STM32L4xx_HAL_Driver/Src/stm32l4xx_hal_rcc.o
                0x080010c8                HAL_RCC_OscConfig
 .text.HAL_RCC_ClockConfig
                0x080018fc      0x274 ./Drivers/STM32L4xx_HAL_Driver/Src/stm32l4xx_hal_rcc.o
                0x080018fc                HAL_RCC_ClockConfig
 .text.HAL_RCC_GetSysClockFreq
                0x08001b70      0x118 ./Drivers/STM32L4xx_HAL_Driver/Src/stm32l4xx_hal_rcc.o
                0x08001b70                HAL_RCC_GetSysClockFreq
 .text.HAL_RCC_GetHCLKFreq
                0x08001c88       0x18 ./Drivers/STM32L4xx_HAL_Driver/Src/stm32l4xx_hal_rcc.o
                0x08001c88                HAL_RCC_GetHCLKFreq
 .text.HAL_RCC_GetPCLK1Freq
                0x08001ca0       0x2c ./Drivers/STM32L4xx_HAL_Driver/Src/stm32l4xx_hal_rcc.o
                0x08001ca0                HAL_RCC_GetPCLK1Freq
 .text.HAL_RCC_GetPCLK2Freq
                0x08001ccc       0x2c ./Drivers/STM32L4xx_HAL_Driver/Src/stm32l4xx_hal_rcc.o
                0x08001ccc                HAL_RCC_GetPCLK2Freq
 .text.RCC_SetFlashLatencyFromMSIRange
                0x08001cf8       0xb4 ./Drivers/STM32L4xx_HAL_Driver/Src/stm32l4xx_hal_rcc.o
 .text.RCC_GetSysClockFreqFromPLLSource
                0x08001dac       0xcc ./Drivers/STM32L4xx_HAL_Driver/Src/stm32l4xx_hal_rcc.o
 .text.HAL_RCCEx_PeriphCLKConfig
                0x08001e78      0x720 ./Drivers/STM32L4xx_HAL_Driver/Src/stm32l4xx_hal_rcc_ex.o
                0x08001e78                HAL_RCCEx_PeriphCLKConfig
 .text.RCCEx_PLLSAI1_Config
                0x08002598      0x1e8 ./Drivers/STM32L4xx_HAL_Driver/Src/stm32l4xx_hal_rcc_ex.o
 .text.RCCEx_PLLSAI2_Config
                0x08002780      0x1e8 ./Drivers/STM32L4xx_HAL_Driver/Src/stm32l4xx_hal_rcc_ex.o
 .text.HAL_UART_Init
                0x08002968       0xa0 ./Drivers/STM32L4xx_HAL_Driver/Src/stm32l4xx_hal_uart.o
                0x08002968                HAL_UART_Init
 .text.HAL_UART_Transmit
                0x08002a08      0x11c ./Drivers/STM32L4xx_HAL_Driver/Src/stm32l4xx_hal_uart.o
                0x08002a08                HAL_UART_Transmit
 .text.HAL_UART_Receive
                0x08002b24      0x192 ./Drivers/STM32L4xx_HAL_Driver/Src/stm32l4xx_hal_uart.o
                0x08002b24                HAL_UART_Receive
 *fill*         0x08002cb6        0x2 
 .text.UART_SetConfig
                0x08002cb8      0x5f8 ./Drivers/STM32L4xx_HAL_Driver/Src/stm32l4xx_hal_uart.o
                0x08002cb8                UART_SetConfig
 .text.UART_AdvFeatureConfig
                0x080032b0      0x144 ./Drivers/STM32L4xx_HAL_Driver/Src/stm32l4xx_hal_uart.o
                0x080032b0                UART_AdvFeatureConfig
 .text.UART_CheckIdleState
                0x080033f4      0x154 ./Drivers/STM32L4xx_HAL_Driver/Src/stm32l4xx_hal_uart.o
                0x080033f4                UART_CheckIdleState
 .text.UART_WaitOnFlagUntilTimeout
                0x08003548       0xda ./Drivers/STM32L4xx_HAL_Driver/Src/stm32l4xx_hal_uart.o
                0x08003548                UART_WaitOnFlagUntilTimeout
 .text.UART_EndRxTransfer
                0x08003622       0xcc ./Drivers/STM32L4xx_HAL_Driver/Src/stm32l4xx_hal_uart.o
 .text.HAL_UARTEx_DisableFifoMode
                0x080036ee       0x72 ./Drivers/STM32L4xx_HAL_Driver/Src/stm32l4xx_hal_uart_ex.o
                0x080036ee                HAL_UARTEx_DisableFifoMode
 .text.HAL_UARTEx_SetTxFifoThreshold
                0x08003760       0x7c ./Drivers/STM32L4xx_HAL_Driver/Src/stm32l4xx_hal_uart_ex.o
                0x08003760                HAL_UARTEx_SetTxFifoThreshold
 .text.HAL_UARTEx_SetRxFifoThreshold
                0x080037dc       0x7c ./Drivers/STM32L4xx_HAL_Driver/Src/stm32l4xx_hal_uart_ex.o
                0x080037dc                HAL_UARTEx_SetRxFifoThreshold
 .text.UARTEx_SetNbDataToProcess
                0x08003858       0x9c ./Drivers/STM32L4xx_HAL_Driver/Src/stm32l4xx_hal_uart_ex.o
 .text.synchronize_UART
                0x080038f4       0x54 ./X-CUBE-AI/App/app_x-cube-ai.o
                0x080038f4                synchronize_UART
 .text.ai_log_err
                0x08003948       0x44 ./X-CUBE-AI/App/app_x-cube-ai.o
 .text.ai_boostrap
                0x0800398c       0xc8 ./X-CUBE-AI/App/app_x-cube-ai.o
 .text.ai_run   0x08003a54       0x54 ./X-CUBE-AI/App/app_x-cube-ai.o
 .text.acquire_and_process_data
                0x08003aa8       0xf4 ./X-CUBE-AI/App/app_x-cube-ai.o
                0x08003aa8                acquire_and_process_data
 .text.post_process
                0x08003b9c      0x100 ./X-CUBE-AI/App/app_x-cube-ai.o
                0x08003b9c                post_process
 .text.MX_X_CUBE_AI_Init
                0x08003c9c       0x1c ./X-CUBE-AI/App/app_x-cube-ai.o
                0x08003c9c                MX_X_CUBE_AI_Init
 .text.MX_X_CUBE_AI_Process
                0x08003cb8       0x84 ./X-CUBE-AI/App/app_x-cube-ai.o
                0x08003cb8                MX_X_CUBE_AI_Process
 .text.colab_configure_activations
                0x08003d3c      0x110 ./X-CUBE-AI/App/colab.o
 .text.colab_configure_weights
                0x08003e4c      0x174 ./X-CUBE-AI/App/colab.o
 .text.ai_colab_get_error
                0x08003fc0       0x18 ./X-CUBE-AI/App/colab.o
                0x08003fc0                ai_colab_get_error
 .text.ai_colab_create
                0x08003fd8       0x2c ./X-CUBE-AI/App/colab.o
                0x08003fd8                ai_colab_create
 .text.ai_colab_create_and_init
                0x08004004       0xfc ./X-CUBE-AI/App/colab.o
                0x08004004                ai_colab_create_and_init
 .text.ai_colab_inputs_get
                0x08004100       0x34 ./X-CUBE-AI/App/colab.o
                0x08004100                ai_colab_inputs_get
 .text.ai_colab_outputs_get
                0x08004134       0x34 ./X-CUBE-AI/App/colab.o
                0x08004134                ai_colab_outputs_get
 .text.ai_colab_init
                0x08004168       0x78 ./X-CUBE-AI/App/colab.o
                0x08004168                ai_colab_init
 .text.ai_colab_run
                0x080041e0       0x20 ./X-CUBE-AI/App/colab.o
                0x080041e0                ai_colab_run
 .text.ai_colab_data_params_get
                0x08004200       0x50 ./X-CUBE-AI/App/colab_data.o
                0x08004200                ai_colab_data_params_get
 .text.ai_buffer_get_size
                0x08004250       0x68 ../Middlewares/ST/AI/Lib/NetworkRuntime1000_CM4_GCC.a(ai_platform.o)
                0x08004250                ai_buffer_get_size
 .text.ai_buffer_array_sane
                0x080042b8       0x14 ../Middlewares/ST/AI/Lib/NetworkRuntime1000_CM4_GCC.a(ai_platform.o)
                0x080042b8                ai_buffer_array_sane
 .text.ai_buffer_array_item_set_address
                0x080042cc       0x20 ../Middlewares/ST/AI/Lib/NetworkRuntime1000_CM4_GCC.a(ai_platform.o)
                0x080042cc                ai_buffer_array_item_set_address
 .text.ai_platform_get_weights_map
                0x080042ec       0xa8 ../Middlewares/ST/AI/Lib/NetworkRuntime1000_CM4_GCC.a(ai_platform_interface.o)
                0x080042ec                ai_platform_get_weights_map
 .text.ai_platform_get_activations_map
                0x08004394       0xa8 ../Middlewares/ST/AI/Lib/NetworkRuntime1000_CM4_GCC.a(ai_platform_interface.o)
                0x08004394                ai_platform_get_activations_map
 .text.ai_platform_bind_network_params
                0x0800443c       0x44 ../Middlewares/ST/AI/Lib/NetworkRuntime1000_CM4_GCC.a(ai_platform_interface.o)
                0x0800443c                ai_platform_bind_network_params
 .text.ai_platform_network_get_error
                0x08004480       0x18 ../Middlewares/ST/AI/Lib/NetworkRuntime1000_CM4_GCC.a(ai_platform_interface.o)
                0x08004480                ai_platform_network_get_error
 .text.ai_platform_network_set_error
                0x08004498        0xc ../Middlewares/ST/AI/Lib/NetworkRuntime1000_CM4_GCC.a(ai_platform_interface.o)
                0x08004498                ai_platform_network_set_error
 .text.ai_platform_inputs_get
                0x080044a4       0xec ../Middlewares/ST/AI/Lib/NetworkRuntime1000_CM4_GCC.a(ai_platform_interface.o)
                0x080044a4                ai_platform_inputs_get
 .text.ai_platform_outputs_get
                0x08004590       0xe8 ../Middlewares/ST/AI/Lib/NetworkRuntime1000_CM4_GCC.a(ai_platform_interface.o)
                0x08004590                ai_platform_outputs_get
 .text.ai_platform_network_create
                0x08004678       0x84 ../Middlewares/ST/AI/Lib/NetworkRuntime1000_CM4_GCC.a(ai_platform_interface.o)
                0x08004678                ai_platform_network_create
 .text.ai_platform_network_init
                0x080046fc      0x19c ../Middlewares/ST/AI/Lib/NetworkRuntime1000_CM4_GCC.a(ai_platform_interface.o)
                0x080046fc                ai_platform_network_init
 .text.ai_platform_network_post_init
                0x08004898       0x60 ../Middlewares/ST/AI/Lib/NetworkRuntime1000_CM4_GCC.a(ai_platform_interface.o)
                0x08004898                ai_platform_network_post_init
 .text.ai_platform_network_process
                0x080048f8      0x480 ../Middlewares/ST/AI/Lib/NetworkRuntime1000_CM4_GCC.a(ai_platform_interface.o)
                0x080048f8                ai_platform_network_process
 .text.core_init
                0x08004d78        0x4 ../Middlewares/ST/AI/Lib/NetworkRuntime1000_CM4_GCC.a(core_common.o)
                0x08004d78                core_init
 .text.core_get_error
                0x08004d7c        0xc ../Middlewares/ST/AI/Lib/NetworkRuntime1000_CM4_GCC.a(core_common.o)
                0x08004d7c                core_get_error
 .text.core_set_error
                0x08004d88       0x18 ../Middlewares/ST/AI/Lib/NetworkRuntime1000_CM4_GCC.a(core_common.o)
                0x08004d88                core_set_error
 .text.ai_check_custom_types
                0x08004da0       0x54 ../Middlewares/ST/AI/Lib/NetworkRuntime1000_CM4_GCC.a(layers.o)
                0x08004da0                ai_check_custom_types
 .text.ai_layers_init_all
                0x08004df4       0x1c ../Middlewares/ST/AI/Lib/NetworkRuntime1000_CM4_GCC.a(layers.o)
                0x08004df4                ai_layers_init_all
 .text.ai_layers_post_init_all
                0x08004e10       0x28 ../Middlewares/ST/AI/Lib/NetworkRuntime1000_CM4_GCC.a(layers.o)
                0x08004e10                ai_layers_post_init_all
 .text.ai_layers_forward_all
                0x08004e38       0x94 ../Middlewares/ST/AI/Lib/NetworkRuntime1000_CM4_GCC.a(layers.o)
                0x08004e38                ai_layers_forward_all
 .text.forward_dense
                0x08004ecc       0xfc ../Middlewares/ST/AI/Lib/NetworkRuntime1000_CM4_GCC.a(layers_conv2d_generic_float.o)
                0x08004ecc                forward_dense
 .text.forward_sigmoid
                0x08004fc8       0x94 ../Middlewares/ST/AI/Lib/NetworkRuntime1000_CM4_GCC.a(layers_nl_generic_float.o)
                0x08004fc8                forward_sigmoid
 .text.forward_relu
                0x0800505c      0x138 ../Middlewares/ST/AI/Lib/NetworkRuntime1000_CM4_GCC.a(layers_nl_generic_float.o)
                0x0800505c                forward_relu
 .text.forward_lite_nl_relu_generic_if32of32_kernel
                0x08005194       0xfc ../Middlewares/ST/AI/Lib/NetworkRuntime1000_CM4_GCC.a(lite_nl_relu_if32of32.o)
                0x08005194                forward_lite_nl_relu_generic_if32of32_kernel
 .text.forward_lite_dense_if32of32wf32
                0x08005290      0x2b4 ../Middlewares/ST/AI/Lib/NetworkRuntime1000_CM4_GCC.a(lite_dense_if32.o)
                0x08005290                forward_lite_dense_if32of32wf32
 .text.forward_lite_dense_if32of32wf32_lut4
                0x08005544      0x250 ../Middlewares/ST/AI/Lib/NetworkRuntime1000_CM4_GCC.a(lite_dense_if32.o)
                0x08005544                forward_lite_dense_if32of32wf32_lut4
 .text.forward_lite_dense_if32of32wf32_lut8
                0x08005794      0x25c ../Middlewares/ST/AI/Lib/NetworkRuntime1000_CM4_GCC.a(lite_dense_if32.o)
                0x08005794                forward_lite_dense_if32of32wf32_lut8
 .text.st_int8_copy
                0x080059f0      0x144 ../Middlewares/ST/AI/Lib/NetworkRuntime1000_CM4_GCC.a(st_int8_fill.o)
                0x080059f0                st_int8_copy
 .text.ai_array_to_buffer_fmt
                0x08005b34       0xe0 ../Middlewares/ST/AI/Lib/NetworkRuntime1000_CM4_GCC.a(ai_datatypes_format.o)
                0x08005b34                ai_array_to_buffer_fmt
 .text.ai_array_get_data_byte_size
                0x08005c14       0x24 ../Middlewares/ST/AI/Lib/NetworkRuntime1000_CM4_GCC.a(ai_datatypes_format.o)
                0x08005c14                ai_array_get_data_byte_size
 .text.ai_version_get
                0x08005c38        0xc ../Middlewares/ST/AI/Lib/NetworkRuntime1000_CM4_GCC.a(ai_datatypes_internal.o)
                0x08005c38                ai_version_get
 .text.get_tensor_byte_size
                0x08005c44       0x30 ../Middlewares/ST/AI/Lib/NetworkRuntime1000_CM4_GCC.a(ai_datatypes_internal.o)
                0x08005c44                get_tensor_byte_size
 .text.sbrk_aligned
                0x08005c74       0x44 /Applications/STM32CubeIDE.app/Contents/Eclipse/plugins/com.st.stm32cube.ide.mcu.externaltools.gnu-tools-for-stm32.12.3.rel1.macos64_1.1.0.202410301201/tools/bin/../lib/gcc/arm-none-eabi/12.3.1/../../../../arm-none-eabi/lib/thumb/v7e-m+fp/hard/libc_nano.a(libc_a-mallocr.o)
 .text._malloc_r
                0x08005cb8      0x100 /Applications/STM32CubeIDE.app/Contents/Eclipse/plugins/com.st.stm32cube.ide.mcu.externaltools.gnu-tools-for-stm32.12.3.rel1.macos64_1.1.0.202410301201/tools/bin/../lib/gcc/arm-none-eabi/12.3.1/../../../../arm-none-eabi/lib/thumb/v7e-m+fp/hard/libc_nano.a(libc_a-mallocr.o)
                0x08005cb8                _malloc_r
 .text.__malloc_lock
                0x08005db8        0xc /Applications/STM32CubeIDE.app/Contents/Eclipse/plugins/com.st.stm32cube.ide.mcu.externaltools.gnu-tools-for-stm32.12.3.rel1.macos64_1.1.0.202410301201/tools/bin/../lib/gcc/arm-none-eabi/12.3.1/../../../../arm-none-eabi/lib/thumb/v7e-m+fp/hard/libc_nano.a(libc_a-mlock.o)
                0x08005db8                __malloc_lock
 .text.__malloc_unlock
                0x08005dc4        0xc /Applications/STM32CubeIDE.app/Contents/Eclipse/plugins/com.st.stm32cube.ide.mcu.externaltools.gnu-tools-for-stm32.12.3.rel1.macos64_1.1.0.202410301201/tools/bin/../lib/gcc/arm-none-eabi/12.3.1/../../../../arm-none-eabi/lib/thumb/v7e-m+fp/hard/libc_nano.a(libc_a-mlock.o)
                0x08005dc4                __malloc_unlock
 .text.std      0x08005dd0       0x6c /Applications/STM32CubeIDE.app/Contents/Eclipse/plugins/com.st.stm32cube.ide.mcu.externaltools.gnu-tools-for-stm32.12.3.rel1.macos64_1.1.0.202410301201/tools/bin/../lib/gcc/arm-none-eabi/12.3.1/../../../../arm-none-eabi/lib/thumb/v7e-m+fp/hard/libc_nano.a(libc_a-findfp.o)
 .text.stdio_exit_handler
                0x08005e3c       0x18 /Applications/STM32CubeIDE.app/Contents/Eclipse/plugins/com.st.stm32cube.ide.mcu.externaltools.gnu-tools-for-stm32.12.3.rel1.macos64_1.1.0.202410301201/tools/bin/../lib/gcc/arm-none-eabi/12.3.1/../../../../arm-none-eabi/lib/thumb/v7e-m+fp/hard/libc_nano.a(libc_a-findfp.o)
 .text.cleanup_stdio
                0x08005e54       0x40 /Applications/STM32CubeIDE.app/Contents/Eclipse/plugins/com.st.stm32cube.ide.mcu.externaltools.gnu-tools-for-stm32.12.3.rel1.macos64_1.1.0.202410301201/tools/bin/../lib/gcc/arm-none-eabi/12.3.1/../../../../arm-none-eabi/lib/thumb/v7e-m+fp/hard/libc_nano.a(libc_a-findfp.o)
 .text.global_stdio_init.part.0
                0x08005e94       0x3c /Applications/STM32CubeIDE.app/Contents/Eclipse/plugins/com.st.stm32cube.ide.mcu.externaltools.gnu-tools-for-stm32.12.3.rel1.macos64_1.1.0.202410301201/tools/bin/../lib/gcc/arm-none-eabi/12.3.1/../../../../arm-none-eabi/lib/thumb/v7e-m+fp/hard/libc_nano.a(libc_a-findfp.o)
 .text.__sfp_lock_acquire
                0x08005ed0        0xc /Applications/STM32CubeIDE.app/Contents/Eclipse/plugins/com.st.stm32cube.ide.mcu.externaltools.gnu-tools-for-stm32.12.3.rel1.macos64_1.1.0.202410301201/tools/bin/../lib/gcc/arm-none-eabi/12.3.1/../../../../arm-none-eabi/lib/thumb/v7e-m+fp/hard/libc_nano.a(libc_a-findfp.o)
                0x08005ed0                __sfp_lock_acquire
 .text.__sfp_lock_release
                0x08005edc        0xc /Applications/STM32CubeIDE.app/Contents/Eclipse/plugins/com.st.stm32cube.ide.mcu.externaltools.gnu-tools-for-stm32.12.3.rel1.macos64_1.1.0.202410301201/tools/bin/../lib/gcc/arm-none-eabi/12.3.1/../../../../arm-none-eabi/lib/thumb/v7e-m+fp/hard/libc_nano.a(libc_a-findfp.o)
                0x08005edc                __sfp_lock_release
 .text.__sinit  0x08005ee8       0x30 /Applications/STM32CubeIDE.app/Contents/Eclipse/plugins/com.st.stm32cube.ide.mcu.externaltools.gnu-tools-for-stm32.12.3.rel1.macos64_1.1.0.202410301201/tools/bin/../lib/gcc/arm-none-eabi/12.3.1/../../../../arm-none-eabi/lib/thumb/v7e-m+fp/hard/libc_nano.a(libc_a-findfp.o)
                0x08005ee8                __sinit
 .text._fwalk_sglue
                0x08005f18       0x3c /Applications/STM32CubeIDE.app/Contents/Eclipse/plugins/com.st.stm32cube.ide.mcu.externaltools.gnu-tools-for-stm32.12.3.rel1.macos64_1.1.0.202410301201/tools/bin/../lib/gcc/arm-none-eabi/12.3.1/../../../../arm-none-eabi/lib/thumb/v7e-m+fp/hard/libc_nano.a(libc_a-fwalk.o)
                0x08005f18                _fwalk_sglue
 .text.printf   0x08005f54       0x24 /Applications/STM32CubeIDE.app/Contents/Eclipse/plugins/com.st.stm32cube.ide.mcu.externaltools.gnu-tools-for-stm32.12.3.rel1.macos64_1.1.0.202410301201/tools/bin/../lib/gcc/arm-none-eabi/12.3.1/../../../../arm-none-eabi/lib/thumb/v7e-m+fp/hard/libc_nano.a(libc_a-printf.o)
                0x08005f54                printf
                0x08005f54                iprintf
 .text._puts_r  0x08005f78       0xaa /Applications/STM32CubeIDE.app/Contents/Eclipse/plugins/com.st.stm32cube.ide.mcu.externaltools.gnu-tools-for-stm32.12.3.rel1.macos64_1.1.0.202410301201/tools/bin/../lib/gcc/arm-none-eabi/12.3.1/../../../../arm-none-eabi/lib/thumb/v7e-m+fp/hard/libc_nano.a(libc_a-puts.o)
                0x08005f78                _puts_r
 *fill*         0x08006022        0x2 
 .text.puts     0x08006024       0x10 /Applications/STM32CubeIDE.app/Contents/Eclipse/plugins/com.st.stm32cube.ide.mcu.externaltools.gnu-tools-for-stm32.12.3.rel1.macos64_1.1.0.202410301201/tools/bin/../lib/gcc/arm-none-eabi/12.3.1/../../../../arm-none-eabi/lib/thumb/v7e-m+fp/hard/libc_nano.a(libc_a-puts.o)
                0x08006024                puts
 .text.memset   0x08006034       0x10 /Applications/STM32CubeIDE.app/Contents/Eclipse/plugins/com.st.stm32cube.ide.mcu.externaltools.gnu-tools-for-stm32.12.3.rel1.macos64_1.1.0.202410301201/tools/bin/../lib/gcc/arm-none-eabi/12.3.1/../../../../arm-none-eabi/lib/thumb/v7e-m+fp/hard/libc_nano.a(libc_a-memset.o)
                0x08006034                memset
 .text._sbrk_r  0x08006044       0x20 /Applications/STM32CubeIDE.app/Contents/Eclipse/plugins/com.st.stm32cube.ide.mcu.externaltools.gnu-tools-for-stm32.12.3.rel1.macos64_1.1.0.202410301201/tools/bin/../lib/gcc/arm-none-eabi/12.3.1/../../../../arm-none-eabi/lib/thumb/v7e-m+fp/hard/libc_nano.a(libc_a-sbrkr.o)
                0x08006044                _sbrk_r
 .text.__errno  0x08006064        0xc /Applications/STM32CubeIDE.app/Contents/Eclipse/plugins/com.st.stm32cube.ide.mcu.externaltools.gnu-tools-for-stm32.12.3.rel1.macos64_1.1.0.202410301201/tools/bin/../lib/gcc/arm-none-eabi/12.3.1/../../../../arm-none-eabi/lib/thumb/v7e-m+fp/hard/libc_nano.a(libc_a-errno.o)
                0x08006064                __errno
 .text.__libc_init_array
                0x08006070       0x48 /Applications/STM32CubeIDE.app/Contents/Eclipse/plugins/com.st.stm32cube.ide.mcu.externaltools.gnu-tools-for-stm32.12.3.rel1.macos64_1.1.0.202410301201/tools/bin/../lib/gcc/arm-none-eabi/12.3.1/../../../../arm-none-eabi/lib/thumb/v7e-m+fp/hard/libc_nano.a(libc_a-init.o)
                0x08006070                __libc_init_array
 .text.__retarget_lock_init_recursive
                0x080060b8        0x2 /Applications/STM32CubeIDE.app/Contents/Eclipse/plugins/com.st.stm32cube.ide.mcu.externaltools.gnu-tools-for-stm32.12.3.rel1.macos64_1.1.0.202410301201/tools/bin/../lib/gcc/arm-none-eabi/12.3.1/../../../../arm-none-eabi/lib/thumb/v7e-m+fp/hard/libc_nano.a(libc_a-lock.o)
                0x080060b8                __retarget_lock_init_recursive
 .text.__retarget_lock_acquire_recursive
                0x080060ba        0x2 /Applications/STM32CubeIDE.app/Contents/Eclipse/plugins/com.st.stm32cube.ide.mcu.externaltools.gnu-tools-for-stm32.12.3.rel1.macos64_1.1.0.202410301201/tools/bin/../lib/gcc/arm-none-eabi/12.3.1/../../../../arm-none-eabi/lib/thumb/v7e-m+fp/hard/libc_nano.a(libc_a-lock.o)
                0x080060ba                __retarget_lock_acquire_recursive
 .text.__retarget_lock_release_recursive
                0x080060bc        0x2 /Applications/STM32CubeIDE.app/Contents/Eclipse/plugins/com.st.stm32cube.ide.mcu.externaltools.gnu-tools-for-stm32.12.3.rel1.macos64_1.1.0.202410301201/tools/bin/../lib/gcc/arm-none-eabi/12.3.1/../../../../arm-none-eabi/lib/thumb/v7e-m+fp/hard/libc_nano.a(libc_a-lock.o)
                0x080060bc                __retarget_lock_release_recursive
 *fill*         0x080060be        0x2 
 .text._free_r  0x080060c0       0x94 /Applications/STM32CubeIDE.app/Contents/Eclipse/plugins/com.st.stm32cube.ide.mcu.externaltools.gnu-tools-for-stm32.12.3.rel1.macos64_1.1.0.202410301201/tools/bin/../lib/gcc/arm-none-eabi/12.3.1/../../../../arm-none-eabi/lib/thumb/v7e-m+fp/hard/libc_nano.a(libc_a-freer.o)
                0x080060c0                _free_r
 .text.__sfputc_r
                0x08006154       0x2e /Applications/STM32CubeIDE.app/Contents/Eclipse/plugins/com.st.stm32cube.ide.mcu.externaltools.gnu-tools-for-stm32.12.3.rel1.macos64_1.1.0.202410301201/tools/bin/../lib/gcc/arm-none-eabi/12.3.1/../../../../arm-none-eabi/lib/thumb/v7e-m+fp/hard/libc_nano.a(libc_a-nano-vfprintf.o)
 .text.__sfputs_r
                0x08006182       0x24 /Applications/STM32CubeIDE.app/Contents/Eclipse/plugins/com.st.stm32cube.ide.mcu.externaltools.gnu-tools-for-stm32.12.3.rel1.macos64_1.1.0.202410301201/tools/bin/../lib/gcc/arm-none-eabi/12.3.1/../../../../arm-none-eabi/lib/thumb/v7e-m+fp/hard/libc_nano.a(libc_a-nano-vfprintf.o)
                0x08006182                __sfputs_r
 *fill*         0x080061a6        0x2 
 .text._vfprintf_r
                0x080061a8      0x230 /Applications/STM32CubeIDE.app/Contents/Eclipse/plugins/com.st.stm32cube.ide.mcu.externaltools.gnu-tools-for-stm32.12.3.rel1.macos64_1.1.0.202410301201/tools/bin/../lib/gcc/arm-none-eabi/12.3.1/../../../../arm-none-eabi/lib/thumb/v7e-m+fp/hard/libc_nano.a(libc_a-nano-vfprintf.o)
                0x080061a8                _vfiprintf_r
                0x080061a8                _vfprintf_r
 .text._printf_common
                0x080063d8       0xda /Applications/STM32CubeIDE.app/Contents/Eclipse/plugins/com.st.stm32cube.ide.mcu.externaltools.gnu-tools-for-stm32.12.3.rel1.macos64_1.1.0.202410301201/tools/bin/../lib/gcc/arm-none-eabi/12.3.1/../../../../arm-none-eabi/lib/thumb/v7e-m+fp/hard/libc_nano.a(libc_a-nano-vfprintf_i.o)
                0x080063d8                _printf_common
 *fill*         0x080064b2        0x2 
 .text._printf_i
                0x080064b4      0x240 /Applications/STM32CubeIDE.app/Contents/Eclipse/plugins/com.st.stm32cube.ide.mcu.externaltools.gnu-tools-for-stm32.12.3.rel1.macos64_1.1.0.202410301201/tools/bin/../lib/gcc/arm-none-eabi/12.3.1/../../../../arm-none-eabi/lib/thumb/v7e-m+fp/hard/libc_nano.a(libc_a-nano-vfprintf_i.o)
                0x080064b4                _printf_i
 .text.__sflush_r
                0x080066f4      0x108 /Applications/STM32CubeIDE.app/Contents/Eclipse/plugins/com.st.stm32cube.ide.mcu.externaltools.gnu-tools-for-stm32.12.3.rel1.macos64_1.1.0.202410301201/tools/bin/../lib/gcc/arm-none-eabi/12.3.1/../../../../arm-none-eabi/lib/thumb/v7e-m+fp/hard/libc_nano.a(libc_a-fflush.o)
                0x080066f4                __sflush_r
 .text._fflush_r
                0x080067fc       0x50 /Applications/STM32CubeIDE.app/Contents/Eclipse/plugins/com.st.stm32cube.ide.mcu.externaltools.gnu-tools-for-stm32.12.3.rel1.macos64_1.1.0.202410301201/tools/bin/../lib/gcc/arm-none-eabi/12.3.1/../../../../arm-none-eabi/lib/thumb/v7e-m+fp/hard/libc_nano.a(libc_a-fflush.o)
                0x080067fc                _fflush_r
 .text.__sread  0x0800684c       0x22 /Applications/STM32CubeIDE.app/Contents/Eclipse/plugins/com.st.stm32cube.ide.mcu.externaltools.gnu-tools-for-stm32.12.3.rel1.macos64_1.1.0.202410301201/tools/bin/../lib/gcc/arm-none-eabi/12.3.1/../../../../arm-none-eabi/lib/thumb/v7e-m+fp/hard/libc_nano.a(libc_a-stdio.o)
                0x0800684c                __sread
 .text.__swrite
                0x0800686e       0x38 /Applications/STM32CubeIDE.app/Contents/Eclipse/plugins/com.st.stm32cube.ide.mcu.externaltools.gnu-tools-for-stm32.12.3.rel1.macos64_1.1.0.202410301201/tools/bin/../lib/gcc/arm-none-eabi/12.3.1/../../../../arm-none-eabi/lib/thumb/v7e-m+fp/hard/libc_nano.a(libc_a-stdio.o)
                0x0800686e                __swrite
 .text.__sseek  0x080068a6       0x24 /Applications/STM32CubeIDE.app/Contents/Eclipse/plugins/com.st.stm32cube.ide.mcu.externaltools.gnu-tools-for-stm32.12.3.rel1.macos64_1.1.0.202410301201/tools/bin/../lib/gcc/arm-none-eabi/12.3.1/../../../../arm-none-eabi/lib/thumb/v7e-m+fp/hard/libc_nano.a(libc_a-stdio.o)
                0x080068a6                __sseek
 .text.__sclose
                0x080068ca        0x8 /Applications/STM32CubeIDE.app/Contents/Eclipse/plugins/com.st.stm32cube.ide.mcu.externaltools.gnu-tools-for-stm32.12.3.rel1.macos64_1.1.0.202410301201/tools/bin/../lib/gcc/arm-none-eabi/12.3.1/../../../../arm-none-eabi/lib/thumb/v7e-m+fp/hard/libc_nano.a(libc_a-stdio.o)
                0x080068ca                __sclose
 .text.__swbuf_r
                0x080068d2       0x7c /Applications/STM32CubeIDE.app/Contents/Eclipse/plugins/com.st.stm32cube.ide.mcu.externaltools.gnu-tools-for-stm32.12.3.rel1.macos64_1.1.0.202410301201/tools/bin/../lib/gcc/arm-none-eabi/12.3.1/../../../../arm-none-eabi/lib/thumb/v7e-m+fp/hard/libc_nano.a(libc_a-wbuf.o)
                0x080068d2                __swbuf_r
 *fill*         0x0800694e        0x2 
 .text.__swsetup_r
                0x08006950       0xac /Applications/STM32CubeIDE.app/Contents/Eclipse/plugins/com.st.stm32cube.ide.mcu.externaltools.gnu-tools-for-stm32.12.3.rel1.macos64_1.1.0.202410301201/tools/bin/../lib/gcc/arm-none-eabi/12.3.1/../../../../arm-none-eabi/lib/thumb/v7e-m+fp/hard/libc_nano.a(libc_a-wsetup.o)
                0x08006950                __swsetup_r
 .text.__swhatbuf_r
                0x080069fc       0x4c /Applications/STM32CubeIDE.app/Contents/Eclipse/plugins/com.st.stm32cube.ide.mcu.externaltools.gnu-tools-for-stm32.12.3.rel1.macos64_1.1.0.202410301201/tools/bin/../lib/gcc/arm-none-eabi/12.3.1/../../../../arm-none-eabi/lib/thumb/v7e-m+fp/hard/libc_nano.a(libc_a-makebuf.o)
                0x080069fc                __swhatbuf_r
 .text.__smakebuf_r
                0x08006a48       0x78 /Applications/STM32CubeIDE.app/Contents/Eclipse/plugins/com.st.stm32cube.ide.mcu.externaltools.gnu-tools-for-stm32.12.3.rel1.macos64_1.1.0.202410301201/tools/bin/../lib/gcc/arm-none-eabi/12.3.1/../../../../arm-none-eabi/lib/thumb/v7e-m+fp/hard/libc_nano.a(libc_a-makebuf.o)
                0x08006a48                __smakebuf_r
 .text._close_r
                0x08006ac0       0x20 /Applications/STM32CubeIDE.app/Contents/Eclipse/plugins/com.st.stm32cube.ide.mcu.externaltools.gnu-tools-for-stm32.12.3.rel1.macos64_1.1.0.202410301201/tools/bin/../lib/gcc/arm-none-eabi/12.3.1/../../../../arm-none-eabi/lib/thumb/v7e-m+fp/hard/libc_nano.a(libc_a-closer.o)
                0x08006ac0                _close_r
 .text._fstat_r
                0x08006ae0       0x24 /Applications/STM32CubeIDE.app/Contents/Eclipse/plugins/com.st.stm32cube.ide.mcu.externaltools.gnu-tools-for-stm32.12.3.rel1.macos64_1.1.0.202410301201/tools/bin/../lib/gcc/arm-none-eabi/12.3.1/../../../../arm-none-eabi/lib/thumb/v7e-m+fp/hard/libc_nano.a(libc_a-fstatr.o)
                0x08006ae0                _fstat_r
 .text._isatty_r
                0x08006b04       0x20 /Applications/STM32CubeIDE.app/Contents/Eclipse/plugins/com.st.stm32cube.ide.mcu.externaltools.gnu-tools-for-stm32.12.3.rel1.macos64_1.1.0.202410301201/tools/bin/../lib/gcc/arm-none-eabi/12.3.1/../../../../arm-none-eabi/lib/thumb/v7e-m+fp/hard/libc_nano.a(libc_a-isattyr.o)
                0x08006b04                _isatty_r
 .text._lseek_r
                0x08006b24       0x24 /Applications/STM32CubeIDE.app/Contents/Eclipse/plugins/com.st.stm32cube.ide.mcu.externaltools.gnu-tools-for-stm32.12.3.rel1.macos64_1.1.0.202410301201/tools/bin/../lib/gcc/arm-none-eabi/12.3.1/../../../../arm-none-eabi/lib/thumb/v7e-m+fp/hard/libc_nano.a(libc_a-lseekr.o)
                0x08006b24                _lseek_r
 .text._read_r  0x08006b48       0x24 /Applications/STM32CubeIDE.app/Contents/Eclipse/plugins/com.st.stm32cube.ide.mcu.externaltools.gnu-tools-for-stm32.12.3.rel1.macos64_1.1.0.202410301201/tools/bin/../lib/gcc/arm-none-eabi/12.3.1/../../../../arm-none-eabi/lib/thumb/v7e-m+fp/hard/libc_nano.a(libc_a-readr.o)
                0x08006b48                _read_r
 .text._write_r
                0x08006b6c       0x24 /Applications/STM32CubeIDE.app/Contents/Eclipse/plugins/com.st.stm32cube.ide.mcu.externaltools.gnu-tools-for-stm32.12.3.rel1.macos64_1.1.0.202410301201/tools/bin/../lib/gcc/arm-none-eabi/12.3.1/../../../../arm-none-eabi/lib/thumb/v7e-m+fp/hard/libc_nano.a(libc_a-writer.o)
                0x08006b6c                _write_r
 .text.expf     0x08006b90       0x6c /Applications/STM32CubeIDE.app/Contents/Eclipse/plugins/com.st.stm32cube.ide.mcu.externaltools.gnu-tools-for-stm32.12.3.rel1.macos64_1.1.0.202410301201/tools/bin/../lib/gcc/arm-none-eabi/12.3.1/../../../../arm-none-eabi/lib/thumb/v7e-m+fp/hard/libm.a(libm_a-wf_exp.o)
                0x08006b90                expf
 .text.finitef  0x08006bfc       0x14 /Applications/STM32CubeIDE.app/Contents/Eclipse/plugins/com.st.stm32cube.ide.mcu.externaltools.gnu-tools-for-stm32.12.3.rel1.macos64_1.1.0.202410301201/tools/bin/../lib/gcc/arm-none-eabi/12.3.1/../../../../arm-none-eabi/lib/thumb/v7e-m+fp/hard/libm.a(libm_a-sf_finite.o)
                0x08006bfc                finitef
 .text.__ieee754_expf
                0x08006c10      0x19c /Applications/STM32CubeIDE.app/Contents/Eclipse/plugins/com.st.stm32cube.ide.mcu.externaltools.gnu-tools-for-stm32.12.3.rel1.macos64_1.1.0.202410301201/tools/bin/../lib/gcc/arm-none-eabi/12.3.1/../../../../arm-none-eabi/lib/thumb/v7e-m+fp/hard/libm.a(libm_a-ef_exp.o)
                0x08006c10                __ieee754_expf
 .text.with_errnof
                0x08006dac       0x1c /Applications/STM32CubeIDE.app/Contents/Eclipse/plugins/com.st.stm32cube.ide.mcu.externaltools.gnu-tools-for-stm32.12.3.rel1.macos64_1.1.0.202410301201/tools/bin/../lib/gcc/arm-none-eabi/12.3.1/../../../../arm-none-eabi/lib/thumb/v7e-m+fp/hard/libm.a(libm_a-math_errf.o)
 .text.xflowf   0x08006dc8       0x16 /Applications/STM32CubeIDE.app/Contents/Eclipse/plugins/com.st.stm32cube.ide.mcu.externaltools.gnu-tools-for-stm32.12.3.rel1.macos64_1.1.0.202410301201/tools/bin/../lib/gcc/arm-none-eabi/12.3.1/../../../../arm-none-eabi/lib/thumb/v7e-m+fp/hard/libm.a(libm_a-math_errf.o)
 *fill*         0x08006dde        0x2 
 .text.__math_uflowf
                0x08006de0        0xc /Applications/STM32CubeIDE.app/Contents/Eclipse/plugins/com.st.stm32cube.ide.mcu.externaltools.gnu-tools-for-stm32.12.3.rel1.macos64_1.1.0.202410301201/tools/bin/../lib/gcc/arm-none-eabi/12.3.1/../../../../arm-none-eabi/lib/thumb/v7e-m+fp/hard/libm.a(libm_a-math_errf.o)
                0x08006de0                __math_uflowf
 .text.__math_oflowf
                0x08006dec        0xc /Applications/STM32CubeIDE.app/Contents/Eclipse/plugins/com.st.stm32cube.ide.mcu.externaltools.gnu-tools-for-stm32.12.3.rel1.macos64_1.1.0.202410301201/tools/bin/../lib/gcc/arm-none-eabi/12.3.1/../../../../arm-none-eabi/lib/thumb/v7e-m+fp/hard/libm.a(libm_a-math_errf.o)
                0x08006dec                __math_oflowf
 .text._close   0x08006df8       0x10 /Applications/STM32CubeIDE.app/Contents/Eclipse/plugins/com.st.stm32cube.ide.mcu.externaltools.gnu-tools-for-stm32.12.3.rel1.macos64_1.1.0.202410301201/tools/bin/../lib/gcc/arm-none-eabi/12.3.1/../../../../arm-none-eabi/lib/thumb/v7e-m+fp/hard/libnosys.a(close.o)
                0x08006df8                _close
 .text._fstat   0x08006e08       0x10 /Applications/STM32CubeIDE.app/Contents/Eclipse/plugins/com.st.stm32cube.ide.mcu.externaltools.gnu-tools-for-stm32.12.3.rel1.macos64_1.1.0.202410301201/tools/bin/../lib/gcc/arm-none-eabi/12.3.1/../../../../arm-none-eabi/lib/thumb/v7e-m+fp/hard/libnosys.a(fstat.o)
                0x08006e08                _fstat
 .text._isatty  0x08006e18       0x10 /Applications/STM32CubeIDE.app/Contents/Eclipse/plugins/com.st.stm32cube.ide.mcu.externaltools.gnu-tools-for-stm32.12.3.rel1.macos64_1.1.0.202410301201/tools/bin/../lib/gcc/arm-none-eabi/12.3.1/../../../../arm-none-eabi/lib/thumb/v7e-m+fp/hard/libnosys.a(isatty.o)
                0x08006e18                _isatty
 .text._lseek   0x08006e28       0x10 /Applications/STM32CubeIDE.app/Contents/Eclipse/plugins/com.st.stm32cube.ide.mcu.externaltools.gnu-tools-for-stm32.12.3.rel1.macos64_1.1.0.202410301201/tools/bin/../lib/gcc/arm-none-eabi/12.3.1/../../../../arm-none-eabi/lib/thumb/v7e-m+fp/hard/libnosys.a(lseek.o)
                0x08006e28                _lseek
 .text._read    0x08006e38       0x10 /Applications/STM32CubeIDE.app/Contents/Eclipse/plugins/com.st.stm32cube.ide.mcu.externaltools.gnu-tools-for-stm32.12.3.rel1.macos64_1.1.0.202410301201/tools/bin/../lib/gcc/arm-none-eabi/12.3.1/../../../../arm-none-eabi/lib/thumb/v7e-m+fp/hard/libnosys.a(read.o)
                0x08006e38                _read
 .text._write   0x08006e48       0x10 /Applications/STM32CubeIDE.app/Contents/Eclipse/plugins/com.st.stm32cube.ide.mcu.externaltools.gnu-tools-for-stm32.12.3.rel1.macos64_1.1.0.202410301201/tools/bin/../lib/gcc/arm-none-eabi/12.3.1/../../../../arm-none-eabi/lib/thumb/v7e-m+fp/hard/libnosys.a(write.o)
                0x08006e48                _write
 *(.glue_7)
 .glue_7        0x08006e58        0x0 linker stubs
 *(.glue_7t)
 .glue_7t       0x08006e58        0x0 linker stubs
 *(.eh_frame)
 .eh_frame      0x08006e58        0x0 /Applications/STM32CubeIDE.app/Contents/Eclipse/plugins/com.st.stm32cube.ide.mcu.externaltools.gnu-tools-for-stm32.12.3.rel1.macos64_1.1.0.202410301201/tools/bin/../lib/gcc/arm-none-eabi/12.3.1/thumb/v7e-m+fp/hard/crtbegin.o
 *(.init)
 .init          0x08006e58        0x4 /Applications/STM32CubeIDE.app/Contents/Eclipse/plugins/com.st.stm32cube.ide.mcu.externaltools.gnu-tools-for-stm32.12.3.rel1.macos64_1.1.0.202410301201/tools/bin/../lib/gcc/arm-none-eabi/12.3.1/thumb/v7e-m+fp/hard/crti.o
                0x08006e58                _init
 .init          0x08006e5c        0x8 /Applications/STM32CubeIDE.app/Contents/Eclipse/plugins/com.st.stm32cube.ide.mcu.externaltools.gnu-tools-for-stm32.12.3.rel1.macos64_1.1.0.202410301201/tools/bin/../lib/gcc/arm-none-eabi/12.3.1/thumb/v7e-m+fp/hard/crtn.o
 *(.fini)
 .fini          0x08006e64        0x4 /Applications/STM32CubeIDE.app/Contents/Eclipse/plugins/com.st.stm32cube.ide.mcu.externaltools.gnu-tools-for-stm32.12.3.rel1.macos64_1.1.0.202410301201/tools/bin/../lib/gcc/arm-none-eabi/12.3.1/thumb/v7e-m+fp/hard/crti.o
                0x08006e64                _fini
 .fini          0x08006e68        0x8 /Applications/STM32CubeIDE.app/Contents/Eclipse/plugins/com.st.stm32cube.ide.mcu.externaltools.gnu-tools-for-stm32.12.3.rel1.macos64_1.1.0.202410301201/tools/bin/../lib/gcc/arm-none-eabi/12.3.1/thumb/v7e-m+fp/hard/crtn.o
                0x08006e70                        . = ALIGN (0x4)
                0x08006e70                        _etext = .

.vfp11_veneer   0x08006e70        0x0
 .vfp11_veneer  0x08006e70        0x0 linker stubs

.v4_bx          0x08006e70        0x0
 .v4_bx         0x08006e70        0x0 linker stubs

.iplt           0x08006e70        0x0
 .iplt          0x08006e70        0x0 /Applications/STM32CubeIDE.app/Contents/Eclipse/plugins/com.st.stm32cube.ide.mcu.externaltools.gnu-tools-for-stm32.12.3.rel1.macos64_1.1.0.202410301201/tools/bin/../lib/gcc/arm-none-eabi/12.3.1/thumb/v7e-m+fp/hard/crtbegin.o

.rodata         0x08006e80     0xb2e4
                0x08006e80                        . = ALIGN (0x4)
 *(.rodata)
 .rodata        0x08006e80      0x193 ./X-CUBE-AI/App/app_x-cube-ai.o
 *fill*         0x08007013        0x1 
 .rodata        0x08007014       0x30 ./X-CUBE-AI/App/colab_data.o
 *(.rodata*)
 .rodata.AHBPrescTable
                0x08007044       0x10 ./Core/Src/system_stm32l4xx.o
                0x08007044                AHBPrescTable
 .rodata.APBPrescTable
                0x08007054        0x8 ./Core/Src/system_stm32l4xx.o
                0x08007054                APBPrescTable
 .rodata.MSIRangeTable
                0x0800705c       0x30 ./Core/Src/system_stm32l4xx.o
                0x0800705c                MSIRangeTable
 .rodata.UARTPrescTable
                0x0800708c       0x18 ./Drivers/STM32L4xx_HAL_Driver/Src/stm32l4xx_hal_uart.o
                0x0800708c                UARTPrescTable
 .rodata.numerator.1
                0x080070a4        0x8 ./Drivers/STM32L4xx_HAL_Driver/Src/stm32l4xx_hal_uart_ex.o
 .rodata.denominator.0
                0x080070ac        0x8 ./Drivers/STM32L4xx_HAL_Driver/Src/stm32l4xx_hal_uart_ex.o
 .rodata.dense_7_chain
                0x080070b4        0x8 ./X-CUBE-AI/App/colab.o
 .rodata.dense_7_dense_chain
                0x080070bc        0x8 ./X-CUBE-AI/App/colab.o
 .rodata.dense_6_chain
                0x080070c4        0x8 ./X-CUBE-AI/App/colab.o
 .rodata.dense_6_dense_chain
                0x080070cc        0x8 ./X-CUBE-AI/App/colab.o
 .rodata.dense_5_chain
                0x080070d4        0x8 ./X-CUBE-AI/App/colab.o
 .rodata.dense_5_dense_chain
                0x080070dc        0x8 ./X-CUBE-AI/App/colab.o
 .rodata.dense_4_chain
                0x080070e4        0x8 ./X-CUBE-AI/App/colab.o
 .rodata.dense_4_dense_chain
                0x080070ec        0x8 ./X-CUBE-AI/App/colab.o
 *fill*         0x080070f4        0xc 
 .rodata.s_colab_weights_array_u64
                0x08007100     0xb018 ./X-CUBE-AI/App/colab_data_params.o
                0x08007100                s_colab_weights_array_u64
 .rodata._vfprintf_r.str1.1
                0x08012118       0x11 /Applications/STM32CubeIDE.app/Contents/Eclipse/plugins/com.st.stm32cube.ide.mcu.externaltools.gnu-tools-for-stm32.12.3.rel1.macos64_1.1.0.202410301201/tools/bin/../lib/gcc/arm-none-eabi/12.3.1/../../../../arm-none-eabi/lib/thumb/v7e-m+fp/hard/libc_nano.a(libc_a-nano-vfprintf.o)
 .rodata._printf_i.str1.1
                0x08012129       0x22 /Applications/STM32CubeIDE.app/Contents/Eclipse/plugins/com.st.stm32cube.ide.mcu.externaltools.gnu-tools-for-stm32.12.3.rel1.macos64_1.1.0.202410301201/tools/bin/../lib/gcc/arm-none-eabi/12.3.1/../../../../arm-none-eabi/lib/thumb/v7e-m+fp/hard/libc_nano.a(libc_a-nano-vfprintf_i.o)
 *fill*         0x0801214b        0x1 
 .rodata.ln2LO  0x0801214c        0x8 /Applications/STM32CubeIDE.app/Contents/Eclipse/plugins/com.st.stm32cube.ide.mcu.externaltools.gnu-tools-for-stm32.12.3.rel1.macos64_1.1.0.202410301201/tools/bin/../lib/gcc/arm-none-eabi/12.3.1/../../../../arm-none-eabi/lib/thumb/v7e-m+fp/hard/libm.a(libm_a-ef_exp.o)
 .rodata.ln2HI  0x08012154        0x8 /Applications/STM32CubeIDE.app/Contents/Eclipse/plugins/com.st.stm32cube.ide.mcu.externaltools.gnu-tools-for-stm32.12.3.rel1.macos64_1.1.0.202410301201/tools/bin/../lib/gcc/arm-none-eabi/12.3.1/../../../../arm-none-eabi/lib/thumb/v7e-m+fp/hard/libm.a(libm_a-ef_exp.o)
 .rodata.halF   0x0801215c        0x8 /Applications/STM32CubeIDE.app/Contents/Eclipse/plugins/com.st.stm32cube.ide.mcu.externaltools.gnu-tools-for-stm32.12.3.rel1.macos64_1.1.0.202410301201/tools/bin/../lib/gcc/arm-none-eabi/12.3.1/../../../../arm-none-eabi/lib/thumb/v7e-m+fp/hard/libm.a(libm_a-ef_exp.o)
                0x08012164                        . = ALIGN (0x4)

.ARM.extab      0x08012164        0x0
                0x08012164                        . = ALIGN (0x4)
 *(.ARM.extab* .gnu.linkonce.armextab.*)
                0x08012164                        . = ALIGN (0x4)

.ARM            0x08012164        0x8
                0x08012164                        . = ALIGN (0x4)
                0x08012164                        __exidx_start = .
 *(.ARM.exidx*)
 .ARM.exidx     0x08012164        0x8 /Applications/STM32CubeIDE.app/Contents/Eclipse/plugins/com.st.stm32cube.ide.mcu.externaltools.gnu-tools-for-stm32.12.3.rel1.macos64_1.1.0.202410301201/tools/bin/../lib/gcc/arm-none-eabi/12.3.1/../../../../arm-none-eabi/lib/thumb/v7e-m+fp/hard/libc_nano.a(libc_a-memchr.o)
 .ARM.exidx     0x0801216c        0x0 /Applications/STM32CubeIDE.app/Contents/Eclipse/plugins/com.st.stm32cube.ide.mcu.externaltools.gnu-tools-for-stm32.12.3.rel1.macos64_1.1.0.202410301201/tools/bin/../lib/gcc/arm-none-eabi/12.3.1/thumb/v7e-m+fp/hard/libgcc.a(_udivmoddi4.o)
                                  0x8 (size before relaxing)
                0x0801216c                        __exidx_end = .
                0x0801216c                        . = ALIGN (0x4)

.preinit_array  0x0801216c        0x0
                0x0801216c                        . = ALIGN (0x4)
                0x0801216c                        PROVIDE (__preinit_array_start = .)
 *(.preinit_array*)
                0x0801216c                        PROVIDE (__preinit_array_end = .)
                0x0801216c                        . = ALIGN (0x4)

.init_array     0x0801216c        0x4
                0x0801216c                        . = ALIGN (0x4)
                0x0801216c                        PROVIDE (__init_array_start = .)
 *(SORT_BY_NAME(.init_array.*))
 *(.init_array*)
 .init_array    0x0801216c        0x4 /Applications/STM32CubeIDE.app/Contents/Eclipse/plugins/com.st.stm32cube.ide.mcu.externaltools.gnu-tools-for-stm32.12.3.rel1.macos64_1.1.0.202410301201/tools/bin/../lib/gcc/arm-none-eabi/12.3.1/thumb/v7e-m+fp/hard/crtbegin.o
                0x08012170                        PROVIDE (__init_array_end = .)
                0x08012170                        . = ALIGN (0x4)

.fini_array     0x08012170        0x4
                0x08012170                        . = ALIGN (0x4)
                [!provide]                        PROVIDE (__fini_array_start = .)
 *(SORT_BY_NAME(.fini_array.*))
 *(.fini_array*)
 .fini_array    0x08012170        0x4 /Applications/STM32CubeIDE.app/Contents/Eclipse/plugins/com.st.stm32cube.ide.mcu.externaltools.gnu-tools-for-stm32.12.3.rel1.macos64_1.1.0.202410301201/tools/bin/../lib/gcc/arm-none-eabi/12.3.1/thumb/v7e-m+fp/hard/crtbegin.o
                [!provide]                        PROVIDE (__fini_array_end = .)
                0x08012174                        . = ALIGN (0x4)
                0x08012174                        _sidata = LOADADDR (.data)

.rel.dyn        0x08012174        0x0
 .rel.iplt      0x08012174        0x0 /Applications/STM32CubeIDE.app/Contents/Eclipse/plugins/com.st.stm32cube.ide.mcu.externaltools.gnu-tools-for-stm32.12.3.rel1.macos64_1.1.0.202410301201/tools/bin/../lib/gcc/arm-none-eabi/12.3.1/thumb/v7e-m+fp/hard/crtbegin.o

.data           0x20000000      0x97c load address 0x08012174
                0x20000000                        . = ALIGN (0x4)
                0x20000000                        _sdata = .
 *(.data)
 *(.data*)
 .data.SystemCoreClock
                0x20000000        0x4 ./Core/Src/system_stm32l4xx.o
                0x20000000                SystemCoreClock
 .data.uwTickPrio
                0x20000004        0x4 ./Drivers/STM32L4xx_HAL_Driver/Src/stm32l4xx_hal.o
                0x20000004                uwTickPrio
 .data.uwTickFreq
                0x20000008        0x1 ./Drivers/STM32L4xx_HAL_Driver/Src/stm32l4xx_hal.o
                0x20000008                uwTickFreq
 *fill*         0x20000009        0x3 
 .data.data_activations0
                0x2000000c        0x4 ./X-CUBE-AI/App/app_x-cube-ai.o
                0x2000000c                data_activations0
 .data.input_0_output_array
                0x20000010       0x10 ./X-CUBE-AI/App/colab.o
 .data.dense_4_dense_output_array
                0x20000020       0x10 ./X-CUBE-AI/App/colab.o
 .data.dense_4_output_array
                0x20000030       0x10 ./X-CUBE-AI/App/colab.o
 .data.dense_5_dense_output_array
                0x20000040       0x10 ./X-CUBE-AI/App/colab.o
 .data.dense_5_output_array
                0x20000050       0x10 ./X-CUBE-AI/App/colab.o
 .data.dense_6_dense_output_array
                0x20000060       0x10 ./X-CUBE-AI/App/colab.o
 .data.dense_6_output_array
                0x20000070       0x10 ./X-CUBE-AI/App/colab.o
 .data.dense_7_dense_output_array
                0x20000080       0x10 ./X-CUBE-AI/App/colab.o
 .data.dense_7_output_array
                0x20000090       0x10 ./X-CUBE-AI/App/colab.o
 .data.dense_4_dense_weights_array
                0x200000a0       0x10 ./X-CUBE-AI/App/colab.o
 .data.dense_4_dense_bias_array
                0x200000b0       0x10 ./X-CUBE-AI/App/colab.o
 .data.dense_5_dense_weights_array
                0x200000c0       0x10 ./X-CUBE-AI/App/colab.o
 .data.dense_5_dense_bias_array
                0x200000d0       0x10 ./X-CUBE-AI/App/colab.o
 .data.dense_6_dense_weights_array
                0x200000e0       0x10 ./X-CUBE-AI/App/colab.o
 .data.dense_6_dense_bias_array
                0x200000f0       0x10 ./X-CUBE-AI/App/colab.o
 .data.dense_7_dense_weights_array
                0x20000100       0x10 ./X-CUBE-AI/App/colab.o
 .data.dense_7_dense_bias_array
                0x20000110       0x10 ./X-CUBE-AI/App/colab.o
 .data.__compound_literal.0
                0x20000120       0x10 ./X-CUBE-AI/App/colab.o
 .data.__compound_literal.1
                0x20000130       0x10 ./X-CUBE-AI/App/colab.o
 .data.dense_4_dense_bias
                0x20000140       0x1c ./X-CUBE-AI/App/colab.o
 .data.__compound_literal.2
                0x2000015c       0x10 ./X-CUBE-AI/App/colab.o
 .data.__compound_literal.3
                0x2000016c       0x10 ./X-CUBE-AI/App/colab.o
 .data.dense_4_dense_output
                0x2000017c       0x1c ./X-CUBE-AI/App/colab.o
 .data.__compound_literal.4
                0x20000198       0x10 ./X-CUBE-AI/App/colab.o
 .data.__compound_literal.5
                0x200001a8       0x10 ./X-CUBE-AI/App/colab.o
 .data.dense_4_dense_weights
                0x200001b8       0x1c ./X-CUBE-AI/App/colab.o
 .data.__compound_literal.6
                0x200001d4       0x10 ./X-CUBE-AI/App/colab.o
 .data.__compound_literal.7
                0x200001e4       0x10 ./X-CUBE-AI/App/colab.o
 .data.dense_4_output
                0x200001f4       0x1c ./X-CUBE-AI/App/colab.o
 .data.__compound_literal.8
                0x20000210       0x10 ./X-CUBE-AI/App/colab.o
 .data.__compound_literal.9
                0x20000220       0x10 ./X-CUBE-AI/App/colab.o
 .data.dense_5_dense_bias
                0x20000230       0x1c ./X-CUBE-AI/App/colab.o
 .data.__compound_literal.10
                0x2000024c       0x10 ./X-CUBE-AI/App/colab.o
 .data.__compound_literal.11
                0x2000025c       0x10 ./X-CUBE-AI/App/colab.o
 .data.dense_5_dense_output
                0x2000026c       0x1c ./X-CUBE-AI/App/colab.o
 .data.__compound_literal.12
                0x20000288       0x10 ./X-CUBE-AI/App/colab.o
 .data.__compound_literal.13
                0x20000298       0x10 ./X-CUBE-AI/App/colab.o
 .data.dense_5_dense_weights
                0x200002a8       0x1c ./X-CUBE-AI/App/colab.o
 .data.__compound_literal.14
                0x200002c4       0x10 ./X-CUBE-AI/App/colab.o
 .data.__compound_literal.15
                0x200002d4       0x10 ./X-CUBE-AI/App/colab.o
 .data.dense_5_output
                0x200002e4       0x1c ./X-CUBE-AI/App/colab.o
 .data.__compound_literal.16
                0x20000300       0x10 ./X-CUBE-AI/App/colab.o
 .data.__compound_literal.17
                0x20000310       0x10 ./X-CUBE-AI/App/colab.o
 .data.dense_6_dense_bias
                0x20000320       0x1c ./X-CUBE-AI/App/colab.o
 .data.__compound_literal.18
                0x2000033c       0x10 ./X-CUBE-AI/App/colab.o
 .data.__compound_literal.19
                0x2000034c       0x10 ./X-CUBE-AI/App/colab.o
 .data.dense_6_dense_output
                0x2000035c       0x1c ./X-CUBE-AI/App/colab.o
 .data.__compound_literal.20
                0x20000378       0x10 ./X-CUBE-AI/App/colab.o
 .data.__compound_literal.21
                0x20000388       0x10 ./X-CUBE-AI/App/colab.o
 .data.dense_6_dense_weights
                0x20000398       0x1c ./X-CUBE-AI/App/colab.o
 .data.__compound_literal.22
                0x200003b4       0x10 ./X-CUBE-AI/App/colab.o
 .data.__compound_literal.23
                0x200003c4       0x10 ./X-CUBE-AI/App/colab.o
 .data.dense_6_output
                0x200003d4       0x1c ./X-CUBE-AI/App/colab.o
 .data.__compound_literal.24
                0x200003f0       0x10 ./X-CUBE-AI/App/colab.o
 .data.__compound_literal.25
                0x20000400       0x10 ./X-CUBE-AI/App/colab.o
 .data.dense_7_dense_bias
                0x20000410       0x1c ./X-CUBE-AI/App/colab.o
 .data.__compound_literal.26
                0x2000042c       0x10 ./X-CUBE-AI/App/colab.o
 .data.__compound_literal.27
                0x2000043c       0x10 ./X-CUBE-AI/App/colab.o
 .data.dense_7_dense_output
                0x2000044c       0x1c ./X-CUBE-AI/App/colab.o
 .data.__compound_literal.28
                0x20000468       0x10 ./X-CUBE-AI/App/colab.o
 .data.__compound_literal.29
                0x20000478       0x10 ./X-CUBE-AI/App/colab.o
 .data.dense_7_dense_weights
                0x20000488       0x1c ./X-CUBE-AI/App/colab.o
 .data.__compound_literal.30
                0x200004a4       0x10 ./X-CUBE-AI/App/colab.o
 .data.__compound_literal.31
                0x200004b4       0x10 ./X-CUBE-AI/App/colab.o
 .data.dense_7_output
                0x200004c4       0x1c ./X-CUBE-AI/App/colab.o
 .data.__compound_literal.32
                0x200004e0       0x10 ./X-CUBE-AI/App/colab.o
 .data.__compound_literal.33
                0x200004f0       0x10 ./X-CUBE-AI/App/colab.o
 .data.input_0_output
                0x20000500       0x1c ./X-CUBE-AI/App/colab.o
 .data.__compound_literal.34
                0x2000051c        0x4 ./X-CUBE-AI/App/colab.o
 .data.__compound_literal.35
                0x20000520        0x4 ./X-CUBE-AI/App/colab.o
 .data.__compound_literal.38
                0x20000524       0x30 ./X-CUBE-AI/App/colab.o
 .data.dense_7_layer
                0x20000554       0x20 ./X-CUBE-AI/App/colab.o
 .data.__compound_literal.39
                0x20000574        0x4 ./X-CUBE-AI/App/colab.o
 .data.__compound_literal.40
                0x20000578        0x4 ./X-CUBE-AI/App/colab.o
 .data.__compound_literal.41
                0x2000057c        0x8 ./X-CUBE-AI/App/colab.o
 .data.__compound_literal.43
                0x20000584       0x30 ./X-CUBE-AI/App/colab.o
 .data.dense_7_dense_layer
                0x200005b4       0x1c ./X-CUBE-AI/App/colab.o
 .data.__compound_literal.44
                0x200005d0        0x4 ./X-CUBE-AI/App/colab.o
 .data.__compound_literal.45
                0x200005d4        0x4 ./X-CUBE-AI/App/colab.o
 .data.__compound_literal.48
                0x200005d8       0x30 ./X-CUBE-AI/App/colab.o
 .data.dense_6_layer
                0x20000608       0x20 ./X-CUBE-AI/App/colab.o
 .data.__compound_literal.49
                0x20000628        0x4 ./X-CUBE-AI/App/colab.o
 .data.__compound_literal.50
                0x2000062c        0x4 ./X-CUBE-AI/App/colab.o
 .data.__compound_literal.51
                0x20000630        0x8 ./X-CUBE-AI/App/colab.o
 .data.__compound_literal.53
                0x20000638       0x30 ./X-CUBE-AI/App/colab.o
 .data.dense_6_dense_layer
                0x20000668       0x1c ./X-CUBE-AI/App/colab.o
 .data.__compound_literal.54
                0x20000684        0x4 ./X-CUBE-AI/App/colab.o
 .data.__compound_literal.55
                0x20000688        0x4 ./X-CUBE-AI/App/colab.o
 .data.__compound_literal.58
                0x2000068c       0x30 ./X-CUBE-AI/App/colab.o
 .data.dense_5_layer
                0x200006bc       0x20 ./X-CUBE-AI/App/colab.o
 .data.__compound_literal.59
                0x200006dc        0x4 ./X-CUBE-AI/App/colab.o
 .data.__compound_literal.60
                0x200006e0        0x4 ./X-CUBE-AI/App/colab.o
 .data.__compound_literal.61
                0x200006e4        0x8 ./X-CUBE-AI/App/colab.o
 .data.__compound_literal.63
                0x200006ec       0x30 ./X-CUBE-AI/App/colab.o
 .data.dense_5_dense_layer
                0x2000071c       0x1c ./X-CUBE-AI/App/colab.o
 .data.__compound_literal.64
                0x20000738        0x4 ./X-CUBE-AI/App/colab.o
 .data.__compound_literal.65
                0x2000073c        0x4 ./X-CUBE-AI/App/colab.o
 .data.__compound_literal.68
                0x20000740       0x30 ./X-CUBE-AI/App/colab.o
 .data.dense_4_layer
                0x20000770       0x20 ./X-CUBE-AI/App/colab.o
 .data.__compound_literal.69
                0x20000790        0x4 ./X-CUBE-AI/App/colab.o
 .data.__compound_literal.70
                0x20000794        0x4 ./X-CUBE-AI/App/colab.o
 .data.__compound_literal.71
                0x20000798        0x8 ./X-CUBE-AI/App/colab.o
 .data.__compound_literal.73
                0x200007a0       0x30 ./X-CUBE-AI/App/colab.o
 .data.dense_4_dense_layer
                0x200007d0       0x1c ./X-CUBE-AI/App/colab.o
 .data.__compound_literal.74
                0x200007ec       0x10 ./X-CUBE-AI/App/colab.o
 .data.__compound_literal.75
                0x200007fc       0x1c ./X-CUBE-AI/App/colab.o
 .data.__compound_literal.76
                0x20000818       0x10 ./X-CUBE-AI/App/colab.o
 .data.__compound_literal.77
                0x20000828       0x1c ./X-CUBE-AI/App/colab.o
 .data.__compound_literal.78
                0x20000844        0x4 ./X-CUBE-AI/App/colab.o
 .data.__compound_literal.82
                0x20000848        0xc ./X-CUBE-AI/App/colab.o
 .data.__compound_literal.83
                0x20000854        0x4 ./X-CUBE-AI/App/colab.o
 .data.__compound_literal.87
                0x20000858        0xc ./X-CUBE-AI/App/colab.o
 .data.__compound_literal.88
                0x20000864       0x18 ./X-CUBE-AI/App/colab.o
 .data.g_colab  0x2000087c       0x4c ./X-CUBE-AI/App/colab.o
 .data.__compound_literal.0
                0x200008c8       0x10 ./X-CUBE-AI/App/colab_data.o
 .data.g_colab_data_map_activations
                0x200008d8       0x1c ./X-CUBE-AI/App/colab_data.o
                0x200008d8                g_colab_data_map_activations
 .data.__compound_literal.1
                0x200008f4       0x10 ./X-CUBE-AI/App/colab_data.o
 .data.g_colab_data_map_weights
                0x20000904       0x1c ./X-CUBE-AI/App/colab_data.o
                0x20000904                g_colab_data_map_weights
 .data.__sglue  0x20000920        0xc /Applications/STM32CubeIDE.app/Contents/Eclipse/plugins/com.st.stm32cube.ide.mcu.externaltools.gnu-tools-for-stm32.12.3.rel1.macos64_1.1.0.202410301201/tools/bin/../lib/gcc/arm-none-eabi/12.3.1/../../../../arm-none-eabi/lib/thumb/v7e-m+fp/hard/libc_nano.a(libc_a-findfp.o)
                0x20000920                __sglue
 .data._impure_ptr
                0x2000092c        0x4 /Applications/STM32CubeIDE.app/Contents/Eclipse/plugins/com.st.stm32cube.ide.mcu.externaltools.gnu-tools-for-stm32.12.3.rel1.macos64_1.1.0.202410301201/tools/bin/../lib/gcc/arm-none-eabi/12.3.1/../../../../arm-none-eabi/lib/thumb/v7e-m+fp/hard/libc_nano.a(libc_a-impure.o)
                0x2000092c                _impure_ptr
 .data._impure_data
                0x20000930       0x4c /Applications/STM32CubeIDE.app/Contents/Eclipse/plugins/com.st.stm32cube.ide.mcu.externaltools.gnu-tools-for-stm32.12.3.rel1.macos64_1.1.0.202410301201/tools/bin/../lib/gcc/arm-none-eabi/12.3.1/../../../../arm-none-eabi/lib/thumb/v7e-m+fp/hard/libc_nano.a(libc_a-impure.o)
                0x20000930                _impure_data
 *(.RamFunc)
 *(.RamFunc*)
                0x2000097c                        . = ALIGN (0x4)
                0x2000097c                        _edata = .

.igot.plt       0x2000097c        0x0 load address 0x08012af0
 .igot.plt      0x2000097c        0x0 /Applications/STM32CubeIDE.app/Contents/Eclipse/plugins/com.st.stm32cube.ide.mcu.externaltools.gnu-tools-for-stm32.12.3.rel1.macos64_1.1.0.202410301201/tools/bin/../lib/gcc/arm-none-eabi/12.3.1/thumb/v7e-m+fp/hard/crtbegin.o
                0x2000097c                        . = ALIGN (0x4)

.bss            0x20000980      0x5b8 load address 0x08012af0
                0x20000980                        _sbss = .
                0x20000980                        __bss_start__ = _sbss
 *(.bss)
 .bss           0x20000980       0x1c /Applications/STM32CubeIDE.app/Contents/Eclipse/plugins/com.st.stm32cube.ide.mcu.externaltools.gnu-tools-for-stm32.12.3.rel1.macos64_1.1.0.202410301201/tools/bin/../lib/gcc/arm-none-eabi/12.3.1/thumb/v7e-m+fp/hard/crtbegin.o
 *(.bss*)
 .bss.huart2    0x2000099c       0x94 ./Core/Src/main.o
                0x2000099c                huart2
 .bss.__sbrk_heap_end
                0x20000a30        0x4 ./Core/Src/sysmem.o
 .bss.uwTick    0x20000a34        0x4 ./Drivers/STM32L4xx_HAL_Driver/Src/stm32l4xx_hal.o
                0x20000a34                uwTick
 .bss.data_ins  0x20000a38        0x4 ./X-CUBE-AI/App/app_x-cube-ai.o
                0x20000a38                data_ins
 .bss.data_outs
                0x20000a3c        0x4 ./X-CUBE-AI/App/app_x-cube-ai.o
                0x20000a3c                data_outs
 .bss.pool0     0x20000a40      0x300 ./X-CUBE-AI/App/app_x-cube-ai.o
 .bss.colab     0x20000d40        0x4 ./X-CUBE-AI/App/app_x-cube-ai.o
 .bss.ai_input  0x20000d44        0x4 ./X-CUBE-AI/App/app_x-cube-ai.o
 .bss.ai_output
                0x20000d48        0x4 ./X-CUBE-AI/App/app_x-cube-ai.o
 .bss.g_colab_activations_map
                0x20000d4c        0x4 ./X-CUBE-AI/App/colab.o
 .bss.g_colab_weights_map
                0x20000d50        0x4 ./X-CUBE-AI/App/colab.o
 .bss.__compound_literal.36
                0x20000d54        0x4 ./X-CUBE-AI/App/colab.o
 .bss.__compound_literal.37
                0x20000d58        0x4 ./X-CUBE-AI/App/colab.o
 .bss.__compound_literal.42
                0x20000d5c        0x4 ./X-CUBE-AI/App/colab.o
 .bss.__compound_literal.46
                0x20000d60        0x4 ./X-CUBE-AI/App/colab.o
 .bss.__compound_literal.47
                0x20000d64        0x4 ./X-CUBE-AI/App/colab.o
 .bss.__compound_literal.52
                0x20000d68        0x4 ./X-CUBE-AI/App/colab.o
 .bss.__compound_literal.56
                0x20000d6c        0x4 ./X-CUBE-AI/App/colab.o
 .bss.__compound_literal.57
                0x20000d70        0x4 ./X-CUBE-AI/App/colab.o
 .bss.__compound_literal.62
                0x20000d74        0x4 ./X-CUBE-AI/App/colab.o
 .bss.__compound_literal.66
                0x20000d78        0x4 ./X-CUBE-AI/App/colab.o
 .bss.__compound_literal.67
                0x20000d7c        0x4 ./X-CUBE-AI/App/colab.o
 .bss.__compound_literal.72
                0x20000d80        0x4 ./X-CUBE-AI/App/colab.o
 .bss.__compound_literal.79
                0x20000d84       0x1c ./X-CUBE-AI/App/colab.o
 .bss.__compound_literal.80
                0x20000da0       0x10 ./X-CUBE-AI/App/colab.o
 .bss.__compound_literal.81
                0x20000db0        0x8 ./X-CUBE-AI/App/colab.o
 .bss.__compound_literal.84
                0x20000db8       0x1c ./X-CUBE-AI/App/colab.o
 .bss.__compound_literal.85
                0x20000dd4       0x10 ./X-CUBE-AI/App/colab.o
 .bss.__compound_literal.86
                0x20000de4        0x8 ./X-CUBE-AI/App/colab.o
 .bss.__malloc_sbrk_start
                0x20000dec        0x4 /Applications/STM32CubeIDE.app/Contents/Eclipse/plugins/com.st.stm32cube.ide.mcu.externaltools.gnu-tools-for-stm32.12.3.rel1.macos64_1.1.0.202410301201/tools/bin/../lib/gcc/arm-none-eabi/12.3.1/../../../../arm-none-eabi/lib/thumb/v7e-m+fp/hard/libc_nano.a(libc_a-mallocr.o)
                0x20000dec                __malloc_sbrk_start
 .bss.__malloc_free_list
                0x20000df0        0x4 /Applications/STM32CubeIDE.app/Contents/Eclipse/plugins/com.st.stm32cube.ide.mcu.externaltools.gnu-tools-for-stm32.12.3.rel1.macos64_1.1.0.202410301201/tools/bin/../lib/gcc/arm-none-eabi/12.3.1/../../../../arm-none-eabi/lib/thumb/v7e-m+fp/hard/libc_nano.a(libc_a-mallocr.o)
                0x20000df0                __malloc_free_list
 .bss.__sf      0x20000df4      0x138 /Applications/STM32CubeIDE.app/Contents/Eclipse/plugins/com.st.stm32cube.ide.mcu.externaltools.gnu-tools-for-stm32.12.3.rel1.macos64_1.1.0.202410301201/tools/bin/../lib/gcc/arm-none-eabi/12.3.1/../../../../arm-none-eabi/lib/thumb/v7e-m+fp/hard/libc_nano.a(libc_a-findfp.o)
                0x20000df4                __sf
 .bss.__stdio_exit_handler
                0x20000f2c        0x4 /Applications/STM32CubeIDE.app/Contents/Eclipse/plugins/com.st.stm32cube.ide.mcu.externaltools.gnu-tools-for-stm32.12.3.rel1.macos64_1.1.0.202410301201/tools/bin/../lib/gcc/arm-none-eabi/12.3.1/../../../../arm-none-eabi/lib/thumb/v7e-m+fp/hard/libc_nano.a(libc_a-findfp.o)
                0x20000f2c                __stdio_exit_handler
 .bss.__lock___malloc_recursive_mutex
                0x20000f30        0x1 /Applications/STM32CubeIDE.app/Contents/Eclipse/plugins/com.st.stm32cube.ide.mcu.externaltools.gnu-tools-for-stm32.12.3.rel1.macos64_1.1.0.202410301201/tools/bin/../lib/gcc/arm-none-eabi/12.3.1/../../../../arm-none-eabi/lib/thumb/v7e-m+fp/hard/libc_nano.a(libc_a-lock.o)
                0x20000f30                __lock___malloc_recursive_mutex
 .bss.__lock___sfp_recursive_mutex
                0x20000f31        0x1 /Applications/STM32CubeIDE.app/Contents/Eclipse/plugins/com.st.stm32cube.ide.mcu.externaltools.gnu-tools-for-stm32.12.3.rel1.macos64_1.1.0.202410301201/tools/bin/../lib/gcc/arm-none-eabi/12.3.1/../../../../arm-none-eabi/lib/thumb/v7e-m+fp/hard/libc_nano.a(libc_a-lock.o)
                0x20000f31                __lock___sfp_recursive_mutex
 *fill*         0x20000f32        0x2 
 .bss.errno     0x20000f34        0x4 /Applications/STM32CubeIDE.app/Contents/Eclipse/plugins/com.st.stm32cube.ide.mcu.externaltools.gnu-tools-for-stm32.12.3.rel1.macos64_1.1.0.202410301201/tools/bin/../lib/gcc/arm-none-eabi/12.3.1/../../../../arm-none-eabi/lib/thumb/v7e-m+fp/hard/libc_nano.a(libc_a-reent.o)
                0x20000f34                errno
 *(COMMON)
                0x20000f38                        . = ALIGN (0x4)
                0x20000f38                        _ebss = .
                0x20000f38                        __bss_end__ = _ebss

._user_heap_stack
                0x20040000     0x1000
                0x20040000                        . = ALIGN (0x8)
                [!provide]                        PROVIDE (end = .)
                0x20040000                        PROVIDE (_end = .)
                0x20040800                        . = (. + _Min_Heap_Size)
 *fill*         0x20040000      0x800 
                0x20041000                        . = (. + _Min_Stack_Size)
 *fill*         0x20040800      0x800 
                0x20041000                        . = ALIGN (0x8)

/DISCARD/
 libc.a(*)
 libm.a(*)
 libgcc.a(*)

.ARM.attributes
                0x00000000       0x30
 *(.ARM.attributes)
 .ARM.attributes
                0x00000000       0x22 /Applications/STM32CubeIDE.app/Contents/Eclipse/plugins/com.st.stm32cube.ide.mcu.externaltools.gnu-tools-for-stm32.12.3.rel1.macos64_1.1.0.202410301201/tools/bin/../lib/gcc/arm-none-eabi/12.3.1/thumb/v7e-m+fp/hard/crti.o
 .ARM.attributes
                0x00000022       0x34 /Applications/STM32CubeIDE.app/Contents/Eclipse/plugins/com.st.stm32cube.ide.mcu.externaltools.gnu-tools-for-stm32.12.3.rel1.macos64_1.1.0.202410301201/tools/bin/../lib/gcc/arm-none-eabi/12.3.1/thumb/v7e-m+fp/hard/crtbegin.o
 .ARM.attributes
                0x00000056       0x34 ./Core/Src/main.o
 .ARM.attributes
                0x0000008a       0x34 ./Core/Src/stm32l4xx_hal_msp.o
 .ARM.attributes
                0x000000be       0x34 ./Core/Src/stm32l4xx_it.o
 .ARM.attributes
                0x000000f2       0x34 ./Core/Src/sysmem.o
 .ARM.attributes
                0x00000126       0x34 ./Core/Src/system_stm32l4xx.o
 .ARM.attributes
                0x0000015a       0x21 ./Core/Startup/startup_stm32l4r9aiix.o
 .ARM.attributes
                0x0000017b       0x34 ./Drivers/STM32L4xx_HAL_Driver/Src/stm32l4xx_hal.o
 .ARM.attributes
                0x000001af       0x34 ./Drivers/STM32L4xx_HAL_Driver/Src/stm32l4xx_hal_cortex.o
 .ARM.attributes
                0x000001e3       0x34 ./Drivers/STM32L4xx_HAL_Driver/Src/stm32l4xx_hal_gpio.o
 .ARM.attributes
                0x00000217       0x34 ./Drivers/STM32L4xx_HAL_Driver/Src/stm32l4xx_hal_pwr_ex.o
 .ARM.attributes
                0x0000024b       0x34 ./Drivers/STM32L4xx_HAL_Driver/Src/stm32l4xx_hal_rcc.o
 .ARM.attributes
                0x0000027f       0x34 ./Drivers/STM32L4xx_HAL_Driver/Src/stm32l4xx_hal_rcc_ex.o
 .ARM.attributes
                0x000002b3       0x34 ./Drivers/STM32L4xx_HAL_Driver/Src/stm32l4xx_hal_uart.o
 .ARM.attributes
                0x000002e7       0x34 ./Drivers/STM32L4xx_HAL_Driver/Src/stm32l4xx_hal_uart_ex.o
 .ARM.attributes
                0x0000031b       0x34 ./X-CUBE-AI/App/app_x-cube-ai.o
 .ARM.attributes
                0x0000034f       0x34 ./X-CUBE-AI/App/colab.o
 .ARM.attributes
                0x00000383       0x34 ./X-CUBE-AI/App/colab_data.o
 .ARM.attributes
                0x000003b7       0x34 ./X-CUBE-AI/App/colab_data_params.o
 .ARM.attributes
                0x000003eb       0x30 ../Middlewares/ST/AI/Lib/NetworkRuntime1000_CM4_GCC.a(ai_platform.o)
 .ARM.attributes
                0x0000041b       0x30 ../Middlewares/ST/AI/Lib/NetworkRuntime1000_CM4_GCC.a(ai_platform_interface.o)
 .ARM.attributes
                0x0000044b       0x30 ../Middlewares/ST/AI/Lib/NetworkRuntime1000_CM4_GCC.a(core_common.o)
 .ARM.attributes
                0x0000047b       0x30 ../Middlewares/ST/AI/Lib/NetworkRuntime1000_CM4_GCC.a(layers.o)
 .ARM.attributes
                0x000004ab       0x30 ../Middlewares/ST/AI/Lib/NetworkRuntime1000_CM4_GCC.a(layers_conv2d_generic_float.o)
 .ARM.attributes
                0x000004db       0x30 ../Middlewares/ST/AI/Lib/NetworkRuntime1000_CM4_GCC.a(layers_nl_generic_float.o)
 .ARM.attributes
                0x0000050b       0x30 ../Middlewares/ST/AI/Lib/NetworkRuntime1000_CM4_GCC.a(lite_nl_relu_if32of32.o)
 .ARM.attributes
                0x0000053b       0x30 ../Middlewares/ST/AI/Lib/NetworkRuntime1000_CM4_GCC.a(lite_dense_if32.o)
 .ARM.attributes
                0x0000056b       0x30 ../Middlewares/ST/AI/Lib/NetworkRuntime1000_CM4_GCC.a(st_int8_fill.o)
 .ARM.attributes
                0x0000059b       0x30 ../Middlewares/ST/AI/Lib/NetworkRuntime1000_CM4_GCC.a(ai_datatypes_format.o)
 .ARM.attributes
                0x000005cb       0x30 ../Middlewares/ST/AI/Lib/NetworkRuntime1000_CM4_GCC.a(ai_datatypes_internal.o)
 .ARM.attributes
                0x000005fb       0x34 /Applications/STM32CubeIDE.app/Contents/Eclipse/plugins/com.st.stm32cube.ide.mcu.externaltools.gnu-tools-for-stm32.12.3.rel1.macos64_1.1.0.202410301201/tools/bin/../lib/gcc/arm-none-eabi/12.3.1/../../../../arm-none-eabi/lib/thumb/v7e-m+fp/hard/libc_nano.a(libc_a-mallocr.o)
 .ARM.attributes
                0x0000062f       0x34 /Applications/STM32CubeIDE.app/Contents/Eclipse/plugins/com.st.stm32cube.ide.mcu.externaltools.gnu-tools-for-stm32.12.3.rel1.macos64_1.1.0.202410301201/tools/bin/../lib/gcc/arm-none-eabi/12.3.1/../../../../arm-none-eabi/lib/thumb/v7e-m+fp/hard/libc_nano.a(libc_a-mlock.o)
 .ARM.attributes
                0x00000663       0x34 /Applications/STM32CubeIDE.app/Contents/Eclipse/plugins/com.st.stm32cube.ide.mcu.externaltools.gnu-tools-for-stm32.12.3.rel1.macos64_1.1.0.202410301201/tools/bin/../lib/gcc/arm-none-eabi/12.3.1/../../../../arm-none-eabi/lib/thumb/v7e-m+fp/hard/libc_nano.a(libc_a-findfp.o)
 .ARM.attributes
                0x00000697       0x34 /Applications/STM32CubeIDE.app/Contents/Eclipse/plugins/com.st.stm32cube.ide.mcu.externaltools.gnu-tools-for-stm32.12.3.rel1.macos64_1.1.0.202410301201/tools/bin/../lib/gcc/arm-none-eabi/12.3.1/../../../../arm-none-eabi/lib/thumb/v7e-m+fp/hard/libc_nano.a(libc_a-fwalk.o)
 .ARM.attributes
                0x000006cb       0x34 /Applications/STM32CubeIDE.app/Contents/Eclipse/plugins/com.st.stm32cube.ide.mcu.externaltools.gnu-tools-for-stm32.12.3.rel1.macos64_1.1.0.202410301201/tools/bin/../lib/gcc/arm-none-eabi/12.3.1/../../../../arm-none-eabi/lib/thumb/v7e-m+fp/hard/libc_nano.a(libc_a-printf.o)
 .ARM.attributes
                0x000006ff       0x34 /Applications/STM32CubeIDE.app/Contents/Eclipse/plugins/com.st.stm32cube.ide.mcu.externaltools.gnu-tools-for-stm32.12.3.rel1.macos64_1.1.0.202410301201/tools/bin/../lib/gcc/arm-none-eabi/12.3.1/../../../../arm-none-eabi/lib/thumb/v7e-m+fp/hard/libc_nano.a(libc_a-puts.o)
 .ARM.attributes
                0x00000733       0x34 /Applications/STM32CubeIDE.app/Contents/Eclipse/plugins/com.st.stm32cube.ide.mcu.externaltools.gnu-tools-for-stm32.12.3.rel1.macos64_1.1.0.202410301201/tools/bin/../lib/gcc/arm-none-eabi/12.3.1/../../../../arm-none-eabi/lib/thumb/v7e-m+fp/hard/libc_nano.a(libc_a-memset.o)
 .ARM.attributes
                0x00000767       0x34 /Applications/STM32CubeIDE.app/Contents/Eclipse/plugins/com.st.stm32cube.ide.mcu.externaltools.gnu-tools-for-stm32.12.3.rel1.macos64_1.1.0.202410301201/tools/bin/../lib/gcc/arm-none-eabi/12.3.1/../../../../arm-none-eabi/lib/thumb/v7e-m+fp/hard/libc_nano.a(libc_a-impure.o)
 .ARM.attributes
                0x0000079b       0x34 /Applications/STM32CubeIDE.app/Contents/Eclipse/plugins/com.st.stm32cube.ide.mcu.externaltools.gnu-tools-for-stm32.12.3.rel1.macos64_1.1.0.202410301201/tools/bin/../lib/gcc/arm-none-eabi/12.3.1/../../../../arm-none-eabi/lib/thumb/v7e-m+fp/hard/libc_nano.a(libc_a-sbrkr.o)
 .ARM.attributes
                0x000007cf       0x34 /Applications/STM32CubeIDE.app/Contents/Eclipse/plugins/com.st.stm32cube.ide.mcu.externaltools.gnu-tools-for-stm32.12.3.rel1.macos64_1.1.0.202410301201/tools/bin/../lib/gcc/arm-none-eabi/12.3.1/../../../../arm-none-eabi/lib/thumb/v7e-m+fp/hard/libc_nano.a(libc_a-errno.o)
 .ARM.attributes
                0x00000803       0x34 /Applications/STM32CubeIDE.app/Contents/Eclipse/plugins/com.st.stm32cube.ide.mcu.externaltools.gnu-tools-for-stm32.12.3.rel1.macos64_1.1.0.202410301201/tools/bin/../lib/gcc/arm-none-eabi/12.3.1/../../../../arm-none-eabi/lib/thumb/v7e-m+fp/hard/libc_nano.a(libc_a-init.o)
 .ARM.attributes
                0x00000837       0x34 /Applications/STM32CubeIDE.app/Contents/Eclipse/plugins/com.st.stm32cube.ide.mcu.externaltools.gnu-tools-for-stm32.12.3.rel1.macos64_1.1.0.202410301201/tools/bin/../lib/gcc/arm-none-eabi/12.3.1/../../../../arm-none-eabi/lib/thumb/v7e-m+fp/hard/libc_nano.a(libc_a-lock.o)
 .ARM.attributes
                0x0000086b       0x34 /Applications/STM32CubeIDE.app/Contents/Eclipse/plugins/com.st.stm32cube.ide.mcu.externaltools.gnu-tools-for-stm32.12.3.rel1.macos64_1.1.0.202410301201/tools/bin/../lib/gcc/arm-none-eabi/12.3.1/../../../../arm-none-eabi/lib/thumb/v7e-m+fp/hard/libc_nano.a(libc_a-freer.o)
 .ARM.attributes
                0x0000089f       0x34 /Applications/STM32CubeIDE.app/Contents/Eclipse/plugins/com.st.stm32cube.ide.mcu.externaltools.gnu-tools-for-stm32.12.3.rel1.macos64_1.1.0.202410301201/tools/bin/../lib/gcc/arm-none-eabi/12.3.1/../../../../arm-none-eabi/lib/thumb/v7e-m+fp/hard/libc_nano.a(libc_a-nano-vfprintf.o)
 .ARM.attributes
                0x000008d3       0x34 /Applications/STM32CubeIDE.app/Contents/Eclipse/plugins/com.st.stm32cube.ide.mcu.externaltools.gnu-tools-for-stm32.12.3.rel1.macos64_1.1.0.202410301201/tools/bin/../lib/gcc/arm-none-eabi/12.3.1/../../../../arm-none-eabi/lib/thumb/v7e-m+fp/hard/libc_nano.a(libc_a-nano-vfprintf_i.o)
 .ARM.attributes
                0x00000907       0x34 /Applications/STM32CubeIDE.app/Contents/Eclipse/plugins/com.st.stm32cube.ide.mcu.externaltools.gnu-tools-for-stm32.12.3.rel1.macos64_1.1.0.202410301201/tools/bin/../lib/gcc/arm-none-eabi/12.3.1/../../../../arm-none-eabi/lib/thumb/v7e-m+fp/hard/libc_nano.a(libc_a-fflush.o)
 .ARM.attributes
                0x0000093b       0x34 /Applications/STM32CubeIDE.app/Contents/Eclipse/plugins/com.st.stm32cube.ide.mcu.externaltools.gnu-tools-for-stm32.12.3.rel1.macos64_1.1.0.202410301201/tools/bin/../lib/gcc/arm-none-eabi/12.3.1/../../../../arm-none-eabi/lib/thumb/v7e-m+fp/hard/libc_nano.a(libc_a-stdio.o)
 .ARM.attributes
                0x0000096f       0x34 /Applications/STM32CubeIDE.app/Contents/Eclipse/plugins/com.st.stm32cube.ide.mcu.externaltools.gnu-tools-for-stm32.12.3.rel1.macos64_1.1.0.202410301201/tools/bin/../lib/gcc/arm-none-eabi/12.3.1/../../../../arm-none-eabi/lib/thumb/v7e-m+fp/hard/libc_nano.a(libc_a-wbuf.o)
 .ARM.attributes
                0x000009a3       0x34 /Applications/STM32CubeIDE.app/Contents/Eclipse/plugins/com.st.stm32cube.ide.mcu.externaltools.gnu-tools-for-stm32.12.3.rel1.macos64_1.1.0.202410301201/tools/bin/../lib/gcc/arm-none-eabi/12.3.1/../../../../arm-none-eabi/lib/thumb/v7e-m+fp/hard/libc_nano.a(libc_a-wsetup.o)
 .ARM.attributes
                0x000009d7       0x34 /Applications/STM32CubeIDE.app/Contents/Eclipse/plugins/com.st.stm32cube.ide.mcu.externaltools.gnu-tools-for-stm32.12.3.rel1.macos64_1.1.0.202410301201/tools/bin/../lib/gcc/arm-none-eabi/12.3.1/../../../../arm-none-eabi/lib/thumb/v7e-m+fp/hard/libc_nano.a(libc_a-makebuf.o)
 .ARM.attributes
                0x00000a0b       0x34 /Applications/STM32CubeIDE.app/Contents/Eclipse/plugins/com.st.stm32cube.ide.mcu.externaltools.gnu-tools-for-stm32.12.3.rel1.macos64_1.1.0.202410301201/tools/bin/../lib/gcc/arm-none-eabi/12.3.1/../../../../arm-none-eabi/lib/thumb/v7e-m+fp/hard/libc_nano.a(libc_a-closer.o)
 .ARM.attributes
                0x00000a3f       0x34 /Applications/STM32CubeIDE.app/Contents/Eclipse/plugins/com.st.stm32cube.ide.mcu.externaltools.gnu-tools-for-stm32.12.3.rel1.macos64_1.1.0.202410301201/tools/bin/../lib/gcc/arm-none-eabi/12.3.1/../../../../arm-none-eabi/lib/thumb/v7e-m+fp/hard/libc_nano.a(libc_a-reent.o)
 .ARM.attributes
                0x00000a73       0x34 /Applications/STM32CubeIDE.app/Contents/Eclipse/plugins/com.st.stm32cube.ide.mcu.externaltools.gnu-tools-for-stm32.12.3.rel1.macos64_1.1.0.202410301201/tools/bin/../lib/gcc/arm-none-eabi/12.3.1/../../../../arm-none-eabi/lib/thumb/v7e-m+fp/hard/libc_nano.a(libc_a-fstatr.o)
 .ARM.attributes
                0x00000aa7       0x34 /Applications/STM32CubeIDE.app/Contents/Eclipse/plugins/com.st.stm32cube.ide.mcu.externaltools.gnu-tools-for-stm32.12.3.rel1.macos64_1.1.0.202410301201/tools/bin/../lib/gcc/arm-none-eabi/12.3.1/../../../../arm-none-eabi/lib/thumb/v7e-m+fp/hard/libc_nano.a(libc_a-isattyr.o)
 .ARM.attributes
                0x00000adb       0x34 /Applications/STM32CubeIDE.app/Contents/Eclipse/plugins/com.st.stm32cube.ide.mcu.externaltools.gnu-tools-for-stm32.12.3.rel1.macos64_1.1.0.202410301201/tools/bin/../lib/gcc/arm-none-eabi/12.3.1/../../../../arm-none-eabi/lib/thumb/v7e-m+fp/hard/libc_nano.a(libc_a-lseekr.o)
 .ARM.attributes