../X-CUBE-AI/App/app_x-cube-ai.c:74:8:synchronize_UART	16	static
../X-CUBE-AI/App/app_x-cube-ai.c:145:13:ai_log_err	16	static
../X-CUBE-AI/App/app_x-cube-ai.c:158:12:ai_boostrap	32	static
../X-CUBE-AI/App/app_x-cube-ai.c:201:12:ai_run	16	static
../X-CUBE-AI/App/app_x-cube-ai.c:216:5:acquire_and_process_data	64	static
../X-CUBE-AI/App/app_x-cube-ai.c:285:5:post_process	64	static
../X-CUBE-AI/App/app_x-cube-ai.c:366:6:MX_X_CUBE_AI_Init	8	static
../X-CUBE-AI/App/app_x-cube-ai.c:375:6:MX_X_CUBE_AI_Process	24	static
